******************************************************************************
                  TI ARM Linker PC v5.2.5                      
******************************************************************************
>> Linked Wed Mar 02 12:29:16 2016

OUTPUT FILE NAME:   <lab3_memory.out>
ENTRY POINT SYMBOL: "_c_int00"  address: 0000074d


MEMORY CONFIGURATION

         name            origin    length      used     unused   attr    fill
----------------------  --------  ---------  --------  --------  ----  --------
  FLASH                 00000000   00040000  000009f6  0003f60a  R  X
  FLASH_OTP             00200000   00004000  00000000  00004000  R  X
  SRAM_BANK_0_to_3      20000000   00008000  00000214  00007dec  RW X
  SRAM_BANK_4_TO_7      20008000   0000e000  00000000  0000e000  RW X


SEGMENT ALLOCATION MAP

run origin  load origin   length   init length attrs members
----------  ----------- ---------- ----------- ----- -------
00000000    00000000    000009f8   000009f8    r-x
  00000000    00000000    00000144   00000144    r-- .intvecs
  00000144    00000144    00000892   00000892    r-x .text
  000009d8    000009d8    00000020   00000020    r-- .cinit
20000000    20000000    00000014   00000000    rw-
  20000000    20000000    00000014   00000000    rw- .data
20007e00    20007e00    00000200   00000000    rw-
  20007e00    20007e00    00000200   00000000    rw- .stack


SECTION ALLOCATION MAP

 output                                  attributes/
section   page    origin      length       input sections
--------  ----  ----------  ----------   ----------------
.intvecs   0    00000000    00000144     
                  00000000    00000144     lab3_memory_startup_ccs.obj (.intvecs)

.text      0    00000144    00000892     
                  00000144    000002a8     lab3_memory.obj (.text)
                  000003ec    0000009c     rtsv7M4_T_le_v4SPD16_eabi.lib : memcpy_t2.obj (.text)
                  00000488    00000088     msp432p4xx_driverlib.lib : flash.o (.text:_FlashCtl_Program32)
                  00000510    00000080                              : flash.o (.text:_FlashCtl_Program8)
                  00000590    0000007a     rtsv7M4_T_le_v4SPD16_eabi.lib : memset_t2.obj (.text)
                  0000060a    00000002     --HOLE-- [fill = 0]
                  0000060c    0000006c                                   : autoinit.obj (.text)
                  00000678    0000006a     msp432p4xx_driverlib.lib : flash.o (.text:FlashCtl_programMemory)
                  000006e2    0000006a     rtsv7M4_T_le_v4SPD16_eabi.lib : copy_decompress_rle.obj (.text)
                  0000074c    00000050                                   : boot.obj (.text)
                  0000079c    0000004c     msp432p4xx_driverlib.lib : sysctl.o (.text:SysCtl_disableSRAMBank)
                  000007e8    0000004c     rtsv7M4_T_le_v4SPD16_eabi.lib : cpy_tbl.obj (.text)
                  00000834    00000044                                   : exit.obj (.text)
                  00000878    0000003c     msp432p4xx_driverlib.lib : flash.o (.text:FlashCtl_clearProgramVerification)
                  000008b4    00000038                              : flash.o (.text:FlashCtl_setProgramVerification)
                  000008ec    00000028                              : flash.o (.text:FlashCtl_eraseSector)
                  00000914    00000024                              : cs.o (.text:CS_setDCOCenteredFrequency)
                  00000938    00000020                              : flash.o (.text:FlashCtl_enableWordProgramming)
                  00000958    00000018     rtsv7M4_T_le_v4SPD16_eabi.lib : args_main.obj (.text)
                  00000970    00000014     msp432p4xx_driverlib.lib : sysctl.o (.text:SysCtl_enableSRAMBank)
                  00000984    00000014     rtsv7M4_T_le_v4SPD16_eabi.lib : _lock.obj (.text)
                  00000998    0000000e                                   : copy_decompress_none.obj (.text:decompress:none)
                  000009a6    00000002     --HOLE-- [fill = 0]
                  000009a8    0000000c     msp432p4xx_driverlib.lib : flash.o (.text:FlashCtl_disableWordProgramming)
                  000009b4    0000000c                              : flash.o (.text:FlashCtl_getInterruptStatus)
                  000009c0    0000000c     lab3_memory_startup_ccs.obj (.text)
                  000009cc    00000006     rtsv7M4_T_le_v4SPD16_eabi.lib : copy_decompress_rle.obj (.text:decompress:rle24)
                  000009d2    00000004                                   : pre_init.obj (.text)

.cinit     0    000009d8    00000020     
                  000009d8    0000000f     (.cinit..data.load) [load image, compression = rle]
                  000009e7    00000001     --HOLE-- [fill = 0]
                  000009e8    00000008     (__TI_handler_table)
                  000009f0    00000008     (__TI_cinit_table)

.data      0    20000000    00000014     UNINITIALIZED
                  20000000    00000008     rtsv7M4_T_le_v4SPD16_eabi.lib : _lock.obj (.data)
                  20000008    00000008                                   : exit.obj (.data)
                  20000010    00000004                                   : stkdepth_vars.obj (.data)

.TI.persistent 
*          0    20000000    00000000     UNINITIALIZED

.stack     0    20007e00    00000200     UNINITIALIZED
                  20007e00    00000200     --HOLE--


LINKER GENERATED COPY TABLES

__TI_cinit_table @ 000009f0 records: 1, size/record: 8, table size: 8
	.data: load addr=000009d8, load size=0000000f bytes, run addr=20000000, run size=00000014 bytes, compression=rle


LINKER GENERATED HANDLER TABLE

__TI_handler_table @ 000009e8 records: 2, size/record: 4, table size: 8
	index: 0, handler: __TI_decompress_rle24
	index: 1, handler: __TI_decompress_none


GLOBAL SYMBOLS: SORTED ALPHABETICALLY BY Name 

address   name                             
-------   ----                             
00000835  C$$EXIT                          
00000915  CS_setDCOCenteredFrequency       
00000175  EraseAndProgramFlash             
00000879  FlashCtl_clearProgramVerification
000009a9  FlashCtl_disableWordProgramming  
00000939  FlashCtl_enableWordProgramming   
000008ed  FlashCtl_eraseSector             
000009b5  FlashCtl_getInterruptStatus      
00000679  FlashCtl_programMemory           
000008b5  FlashCtl_setProgramVerification  
UNDEFED   SHT$$INIT_ARRAY$$Base            
UNDEFED   SHT$$INIT_ARRAY$$Limit           
0000079d  SysCtl_disableSRAMBank           
00000971  SysCtl_enableSRAMBank            
000001c3  TestSRAMBankEnable               
20008000  __STACK_END                      
00000200  __STACK_SIZE                     
000009f0  __TI_CINIT_Base                  
000009f8  __TI_CINIT_Limit                 
000009e8  __TI_Handler_Table_Base          
000009f0  __TI_Handler_Table_Limit         
0000060d  __TI_auto_init                   
20000008  __TI_cleanup_ptr                 
00000999  __TI_decompress_none             
000009cd  __TI_decompress_rle24            
2000000c  __TI_dtors_ptr                   
00000000  __TI_static_base__               
00000591  __aeabi_memclr                   
00000591  __aeabi_memclr4                  
00000591  __aeabi_memclr8                  
000003ed  __aeabi_memcpy                   
000003ed  __aeabi_memcpy4                  
000003ed  __aeabi_memcpy8                  
00000593  __aeabi_memset                   
00000593  __aeabi_memset4                  
00000593  __aeabi_memset8                  
ffffffff  __binit__                        
ffffffff  __c_args__                       
20007e00  __stack                          
00000959  _args_main                       
0000074d  _c_int00                         
20000000  _lock                            
00000993  _nop                             
0000098b  _register_lock                   
00000985  _register_unlock                 
000009d3  _system_pre_init                 
20000004  _unlock                          
00000839  abort                            
ffffffff  binit                            
000007e9  copy_in                          
00000841  exit                             
00000000  interruptVectors                 
00000145  main                             
20000010  main_func_sp                     
000003ed  memcpy                           
00000599  memset                           


GLOBAL SYMBOLS: SORTED BY Symbol Address 

address   name                             
-------   ----                             
00000000  __TI_static_base__               
00000000  interruptVectors                 
00000145  main                             
00000175  EraseAndProgramFlash             
000001c3  TestSRAMBankEnable               
00000200  __STACK_SIZE                     
000003ed  __aeabi_memcpy                   
000003ed  __aeabi_memcpy4                  
000003ed  __aeabi_memcpy8                  
000003ed  memcpy                           
00000591  __aeabi_memclr                   
00000591  __aeabi_memclr4                  
00000591  __aeabi_memclr8                  
00000593  __aeabi_memset                   
00000593  __aeabi_memset4                  
00000593  __aeabi_memset8                  
00000599  memset                           
0000060d  __TI_auto_init                   
00000679  FlashCtl_programMemory           
0000074d  _c_int00                         
0000079d  SysCtl_disableSRAMBank           
000007e9  copy_in                          
00000835  C$$EXIT                          
00000839  abort                            
00000841  exit                             
00000879  FlashCtl_clearProgramVerification
000008b5  FlashCtl_setProgramVerification  
000008ed  FlashCtl_eraseSector             
00000915  CS_setDCOCenteredFrequency       
00000939  FlashCtl_enableWordProgramming   
00000959  _args_main                       
00000971  SysCtl_enableSRAMBank            
00000985  _register_unlock                 
0000098b  _register_lock                   
00000993  _nop                             
00000999  __TI_decompress_none             
000009a9  FlashCtl_disableWordProgramming  
000009b5  FlashCtl_getInterruptStatus      
000009cd  __TI_decompress_rle24            
000009d3  _system_pre_init                 
000009e8  __TI_Handler_Table_Base          
000009f0  __TI_CINIT_Base                  
000009f0  __TI_Handler_Table_Limit         
000009f8  __TI_CINIT_Limit                 
20000000  _lock                            
20000004  _unlock                          
20000008  __TI_cleanup_ptr                 
2000000c  __TI_dtors_ptr                   
20000010  main_func_sp                     
20007e00  __stack                          
20008000  __STACK_END                      
ffffffff  __binit__                        
ffffffff  __c_args__                       
ffffffff  binit                            
UNDEFED   SHT$$INIT_ARRAY$$Base            
UNDEFED   SHT$$INIT_ARRAY$$Limit           

[56 symbols]
