******************************************************************************
                  TI ARM Linker PC v5.2.5                      
******************************************************************************
>> Linked Wed Mar 02 12:15:51 2016

OUTPUT FILE NAME:   <lab1_power.out>
ENTRY POINT SYMBOL: "_c_int00"  address: 00003159


MEMORY CONFIGURATION

         name            origin    length      used     unused   attr    fill
----------------------  --------  ---------  --------  --------  ----  --------
  FLASH                 00000000   00040000  000034bc  0003cb44  R  X
  INFO_FLASH            00200000   00004000  00000000  00004000  R  X
  SRAM                  20000000   00010000  00000311  0000fcef  RW X


SEGMENT ALLOCATION MAP

run origin  load origin   length   init length attrs members
----------  ----------- ---------- ----------- ----- -------
00000000    00000000    000034c0   000034c0    r-x
  00000000    00000000    00000144   00000144    r-- .intvecs
  00000144    00000144    0000323c   0000323c    r-x .text
  00003380    00003380    000000f4   000000f4    r-- .const
  00003478    00003478    00000048   00000048    r-- .cinit
20000000    20000000    00000111   00000000    rw-
  20000000    20000000    000000e4   00000000    rw- .vtable
  200000e4    200000e4    0000001c   00000000    rw- .data
  20000100    20000100    00000011   00000000    rw- .bss
2000fe00    2000fe00    00000200   00000000    rw-
  2000fe00    2000fe00    00000200   00000000    rw- .stack


SECTION ALLOCATION MAP

 output                                  attributes/
section   page    origin      length       input sections
--------  ----  ----------  ----------   ----------------
.intvecs   0    00000000    00000144     
                  00000000    00000144     lab1_power_startup_ccs.obj (.intvecs)

.text      0    00000144    0000323c     
                  00000144    00000b98     cs.obj (.text)
                  00000cdc    0000071c     timer_a.obj (.text)
                  000013f8    00000704     pcm.obj (.text)
                  00001afc    00000488     gpio.obj (.text)
                  00001f84    000003f0     interrupt.obj (.text)
                  00002374    00000390     lab1_power.obj (.text)
                  00002704    000001d4     pss.obj (.text)
                  000028d8    000001d0     sysctl.obj (.text)
                  00002aa8    000001b6     rtsv7M4_T_le_v4SPD16_eabi.lib : fd_add_t2.obj (.text)
                  00002c5e    00000136                                   : fd_div_t2.obj (.text)
                  00002d94    000000fc                                   : fd_mul_t2.obj (.text)
                  00002e90    000000d8     wdt_a.obj (.text)
                  00002f68    0000009c     rtsv7M4_T_le_v4SPD16_eabi.lib : memcpy_t2.obj (.text)
                  00003004    0000007a                                   : memset_t2.obj (.text)
                  0000307e    00000002     --HOLE-- [fill = 0]
                  00003080    0000006c                                   : autoinit.obj (.text)
                  000030ec    0000006a                                   : copy_decompress_rle.obj (.text)
                  00003156    00000002     --HOLE-- [fill = 0]
                  00003158    00000050                                   : boot.obj (.text)
                  000031a8    0000004c                                   : cpy_tbl.obj (.text)
                  000031f4    00000048                                   : fd_toi_t2.obj (.text)
                  0000323c    00000044                                   : exit.obj (.text)
                  00003280    0000003e     cpu.obj (.text)
                  000032be    00000038     rtsv7M4_T_le_v4SPD16_eabi.lib : fs_tod_t2.obj (.text)
                  000032f6    0000002e                                   : i_tofd_t2.obj (.text)
                  00003324    00000018                                   : args_main.obj (.text)
                  0000333c    00000014                                   : _lock.obj (.text)
                  00003350    0000000e                                   : copy_decompress_none.obj (.text:decompress:none)
                  0000335e    0000000c                                   : copy_zero_init.obj (.text:decompress:ZI)
                  0000336a    0000000c     lab1_power_startup_ccs.obj (.text)
                  00003376    00000006     rtsv7M4_T_le_v4SPD16_eabi.lib : copy_decompress_rle.obj (.text:decompress:rle24)
                  0000337c    00000004                                   : pre_init.obj (.text)

.const     0    00003380    000000f4     
                  00003380    00000050     interrupt.obj (.const:g_pulRegs)
                  000033d0    00000040     interrupt.obj (.const)
                  00003410    00000030     gpio.obj (.const:GPIO_PORT_TO_BASE)
                  00003440    0000001c     gpio.obj (.const)
                  0000345c    00000018     lab1_power.obj (.const)

.cinit     0    00003478    00000048     
                  00003478    00000012     (.cinit..data.load) [load image, compression = rle]
                  0000348a    00000002     --HOLE-- [fill = 0]
                  0000348c    0000000c     (__TI_handler_table)
                  00003498    00000008     (.cinit..bss.load) [load image, compression = zero_init]
                  000034a0    00000008     (.cinit..vtable.load) [load image, compression = zero_init]
                  000034a8    00000018     (__TI_cinit_table)

.vtable    0    20000000    000000e4     UNINITIALIZED
                  20000000    000000e4     interrupt.obj (.vtable)

.data      0    200000e4    0000001c     UNINITIALIZED
                  200000e4    00000008     lab1_power.obj (.data)
                  200000ec    00000008     rtsv7M4_T_le_v4SPD16_eabi.lib : _lock.obj (.data)
                  200000f4    00000008                                   : exit.obj (.data)
                  200000fc    00000004                                   : stkdepth_vars.obj (.data)

.bss       0    20000100    00000011     UNINITIALIZED
                  20000100    00000004     (.common:curPowerState)
                  20000104    00000004     (.common:hfxtFreq)
                  20000108    00000004     (.common:ledBlinkCount)
                  2000010c    00000004     (.common:lfxtFreq)
                  20000110    00000001     (.common:stateChange)

.TI.persistent 
*          0    200000e4    00000000     UNINITIALIZED

.TI.noinit 
*          0    20000100    00000000     UNINITIALIZED

.stack     0    2000fe00    00000200     UNINITIALIZED
                  2000fe00    00000200     --HOLE--


LINKER GENERATED COPY TABLES

__TI_cinit_table @ 000034a8 records: 3, size/record: 8, table size: 24
	.data: load addr=00003478, load size=00000012 bytes, run addr=200000e4, run size=0000001c bytes, compression=rle
	.bss: load addr=00003498, load size=00000008 bytes, run addr=20000100, run size=00000011 bytes, compression=zero_init
	.vtable: load addr=000034a0, load size=00000008 bytes, run addr=20000000, run size=000000e4 bytes, compression=zero_init


LINKER GENERATED HANDLER TABLE

__TI_handler_table @ 0000348c records: 3, size/record: 4, table size: 12
	index: 0, handler: __TI_zero_init
	index: 1, handler: __TI_decompress_rle24
	index: 2, handler: __TI_decompress_none


GLOBAL SYMBOLS: SORTED ALPHABETICALLY BY Name 

address   name                                           
-------   ----                                           
0000323d  C$$EXIT                                        
000032b5  CPU_basepriGet                                 
000032a7  CPU_basepriSet                                 
00003281  CPU_cpsid                                      
00003297  CPU_cpsie                                      
0000328d  CPU_primask                                    
000032a3  CPU_wfi                                        
00000c45  CS_clearInterruptFlag                          
000006d7  CS_disableClockRequest                         
00000751  CS_disableDCOExternalResistor                  
00000b11  CS_disableFaultCounter                         
00000bf1  CS_disableInterrupt                            
000006b5  CS_enableClockRequest                          
00000727  CS_enableDCOExternalResistor                   
00000ae5  CS_enableFaultCounter                          
00000bbd  CS_enableInterrupt                             
00000a79  CS_getACLK                                     
00000a31  CS_getBCLK                                     
000007fd  CS_getDCOFrequency                             
00000c29  CS_getEnabledInterruptStatus                   
00000a55  CS_getHSMCLK                                   
00000c19  CS_getInterruptStatus                          
00000ac3  CS_getMCLK                                     
00000aa1  CS_getSMCLK                                    
000003fd  CS_initClockSignal                             
00000c71  CS_registerInterrupt                           
00000b4d  CS_resetFaultCounter                           
00000771  CS_setDCOCenteredFrequency                     
00000741  CS_setDCOExternalResistorCalibration           
000008d5  CS_setDCOFrequency                             
000003c1  CS_setExternalClockSourceFrequency             
00000705  CS_setReferenceOscillatorFrequency             
00000b79  CS_startFaultCounter                           
00000501  CS_startHFXT                                   
00000525  CS_startHFXTWithTimeout                        
000005dd  CS_startLFXT                                   
00000601  CS_startLFXTWithTimeout                        
000007a5  CS_tuneDCOFrequency                            
00000c85  CS_unregisterInterrupt                         
00001e27  GPIO_clearInterruptFlag                        
00001de7  GPIO_disableInterrupt                          
00001dc5  GPIO_enableInterrupt                           
00001e7f  GPIO_getEnabledInterruptStatus                 
00001d8f  GPIO_getInputPinValue                          
00001e09  GPIO_getInterruptStatus                        
00001e49  GPIO_interruptEdgeSelect                       
00001f3f  GPIO_registerInterrupt                         
00001b37  GPIO_setAsInputPin                             
00001ceb  GPIO_setAsInputPinWithPullDownResistor         
00001d3d  GPIO_setAsInputPinWithPullUpResistor           
00001afd  GPIO_setAsOutputPin                            
00001c01  GPIO_setAsPeripheralModuleFunctionInputPin     
00001b7d  GPIO_setAsPeripheralModuleFunctionOutputPin    
00001efb  GPIO_setDriveStrengthHigh                      
00001f1d  GPIO_setDriveStrengthLow                       
00001c85  GPIO_setOutputHighOnPin                        
00001ca7  GPIO_setOutputLowOnPin                         
00001cc9  GPIO_toggleOutputOnPin                         
00001f5f  GPIO_unregisterInterrupt                       
000025df  InitializeDevice                               
00002147  Interrupt_disableInterrupt                     
00001f97  Interrupt_disableMaster                        
00002345  Interrupt_disableSleepOnIsrExit                
000020d5  Interrupt_enableInterrupt                      
00001f87  Interrupt_enableMaster                         
00002333  Interrupt_enableSleepOnIsrExit                 
000020af  Interrupt_getPriority                          
00002027  Interrupt_getPriorityGrouping                  
00002313  Interrupt_getPriorityMask                      
0000232d  Interrupt_getVectorTableAddress                
000021b9  Interrupt_isEnabled                            
00002245  Interrupt_pendInterrupt                        
00001fa7  Interrupt_registerInterrupt                    
0000205f  Interrupt_setPriority                          
0000200d  Interrupt_setPriorityGrouping                  
00002303  Interrupt_setPriorityMask                      
0000231d  Interrupt_setVectorTableAddress                
000022b5  Interrupt_unpendInterrupt                      
00001ff9  Interrupt_unregisterInterrupt                  
00001aa1  PCM_clearInterruptFlag                         
00001a77  PCM_disableInterrupt                           
00001a4f  PCM_disableRudeMode                            
00001a63  PCM_enableInterrupt                            
00001a3d  PCM_enableRudeMode                             
00001555  PCM_getCoreVoltageLevel                        
00001a91  PCM_getEnabledInterruptStatus                  
00001a8b  PCM_getInterruptStatus                         
000014fb  PCM_getPowerMode                               
00001a33  PCM_getPowerState                              
00001965  PCM_gotoLPM0                                   
00001983  PCM_gotoLPM0InterruptSafe                      
0000199f  PCM_gotoLPM3                                   
00001a17  PCM_gotoLPM3InterruptSafe                      
00001ab5  PCM_registerInterrupt                          
000013f9  PCM_setCoreVoltageLevel                        
00001407  PCM_setCoreVoltageLevelWithTimeout             
000014ed  PCM_setPowerMode                               
000015b3  PCM_setPowerModeWithTimeout                    
000016dd  PCM_setPowerState                              
00001709  PCM_setPowerStateWithTimeout                   
00001921  PCM_shutdownDevice                             
00001ac9  PCM_unregisterInterrupt                        
00002871  PSS_clearInterruptFlag                         
00002769  PSS_disableHighSide                            
000027bd  PSS_disableHighSideMonitor                     
00002745  PSS_disableHighSidePinToggle                   
00002859  PSS_disableInterrupt                           
00002805  PSS_disableLowSide                             
00002757  PSS_enableHighSide                             
000027ab  PSS_enableHighSideMonitor                      
00002717  PSS_enableHighSidePinToggle                    
00002847  PSS_enableInterrupt                            
000027f3  PSS_enableLowSide                              
0000279d  PSS_getHighSidePerformanceMode                 
000027e9  PSS_getHighSideVoltageTrigger                  
0000286b  PSS_getInterruptStatus                         
00002839  PSS_getLowSidePerformanceMode                  
00002883  PSS_registerInterrupt                          
0000277b  PSS_setHighSidePerformanceMode                 
000027cf  PSS_setHighSideVoltageTrigger                  
00002817  PSS_setLowSidePerformanceMode                  
00002897  PSS_unregisterInterrupt                        
0000244d  Port1IsrHandler                                
UNDEFED   SHT$$INIT_ARRAY$$Base                          
UNDEFED   SHT$$INIT_ARRAY$$Limit                         
00002a5d  SysCtl_disableGlitchFilter                     
000028e5  SysCtl_disableNMISource                        
000029f5  SysCtl_disablePeripheralAtCPUHalt              
00002931  SysCtl_disableSRAMBank                         
000029b9  SysCtl_disableSRAMBankRetention                
00002a51  SysCtl_enableGlitchFilter                      
000028f9  SysCtl_enableNMISource                         
000029e1  SysCtl_enablePeripheralAtCPUHalt               
00002913  SysCtl_enableSRAMBank                          
0000299b  SysCtl_enableSRAMBankRetention                 
000028df  SysCtl_getFlashSize                            
0000290d  SysCtl_getNMISourceStatus                      
000028d9  SysCtl_getSRAMSize                             
00002a69  SysCtl_getTempCalibrationConstant              
000029d7  SysCtl_rebootDevice                            
00002a2d  SysCtl_setWDTPasswordViolationResetType        
00002a09  SysCtl_setWDTTimeoutResetType                  
0000251d  TerminateGPIO                                  
000024c1  Timer_AIsrHandler                              
00001131  Timer_A_clearCaptureCompareInterrupt           
00001115  Timer_A_clearInterruptFlag                     
00000fff  Timer_A_clearTimer                             
00000e37  Timer_A_configureContinuousMode                
00000ec1  Timer_A_configureUpDownMode                    
00000e67  Timer_A_configureUpMode                        
000011c3  Timer_A_disableCaptureCompareInterrupt         
00001171  Timer_A_disableInterrupt                       
0000119b  Timer_A_enableCaptureCompareInterrupt          
0000115d  Timer_A_enableInterrupt                        
00001089  Timer_A_generatePWM                            
00001061  Timer_A_getCaptureCompareCount                 
00001221  Timer_A_getCaptureCompareEnabledInterruptStatus
000011eb  Timer_A_getCaptureCompareInterruptStatus       
00000f93  Timer_A_getCounterValue                        
00001209  Timer_A_getEnabledInterruptStatus              
00001189  Timer_A_getInterruptStatus                     
00001033  Timer_A_getOutputForOutputModeOutBitValue      
00001013  Timer_A_getSynchronizedCaptureCompareInput     
00000f1b  Timer_A_initCapture                            
00000f5d  Timer_A_initCompare                            
00001261  Timer_A_registerInterrupt                      
000010fb  Timer_A_setCompareValue                        
00001075  Timer_A_setOutputForOutputModeOutBitValue      
00000e21  Timer_A_startCounter                           
000010e7  Timer_A_stopTimer                              
00001333  Timer_A_unregisterInterrupt                    
00002ed1  WDT_A_clearTimer                               
00002e91  WDT_A_holdTimer                                
00002f0d  WDT_A_initIntervalTimer                        
00002ef1  WDT_A_initWatchdogTimer                        
00002f41  WDT_A_registerInterrupt                        
00002f29  WDT_A_setPasswordViolationReset                
00002f35  WDT_A_setTimeoutReset                          
00002eb1  WDT_A_startTimer                               
00002f55  WDT_A_unregisterInterrupt                      
20010000  __STACK_END                                    
00000200  __STACK_SIZE                                   
000034a8  __TI_CINIT_Base                                
000034c0  __TI_CINIT_Limit                               
0000348c  __TI_Handler_Table_Base                        
00003498  __TI_Handler_Table_Limit                       
00003081  __TI_auto_init                                 
200000f4  __TI_cleanup_ptr                               
00003351  __TI_decompress_none                           
00003377  __TI_decompress_rle24                          
200000f8  __TI_dtors_ptr                                 
00000000  __TI_static_base__                             
0000335f  __TI_zero_init                                 
000031f5  __aeabi_d2iz                                   
00002ab3  __aeabi_dadd                                   
00002c5f  __aeabi_ddiv                                   
00002d95  __aeabi_dmul                                   
00002aa9  __aeabi_dsub                                   
000032bf  __aeabi_f2d                                    
000032f7  __aeabi_i2d                                    
00003005  __aeabi_memclr                                 
00003005  __aeabi_memclr4                                
00003005  __aeabi_memclr8                                
00002f69  __aeabi_memcpy                                 
00002f69  __aeabi_memcpy4                                
00002f69  __aeabi_memcpy8                                
00003007  __aeabi_memset                                 
00003007  __aeabi_memset4                                
00003007  __aeabi_memset8                                
ffffffff  __binit__                                      
ffffffff  __c_args__                                     
2000fe00  __stack                                        
00003325  _args_main                                     
00003159  _c_int00                                       
200000ec  _lock                                          
0000334b  _nop                                           
00003343  _register_lock                                 
0000333d  _register_unlock                               
0000337d  _system_pre_init                               
200000f0  _unlock                                        
00003241  abort                                          
ffffffff  binit                                          
000031a9  copy_in                                        
20000100  curPowerState                                  
00003249  exit                                           
20000000  g_pfnRAMVectors                                
00000000  interruptVectors                               
20000108  ledBlinkCount                                  
200000e8  ledBlinkMax                                    
200000e4  ledState                                       
00002375  main                                           
200000fc  main_func_sp                                   
00002f69  memcpy                                         
0000300d  memset                                         
20000110  stateChange                                    


GLOBAL SYMBOLS: SORTED BY Symbol Address 

address   name                                           
-------   ----                                           
00000000  __TI_static_base__                             
00000000  interruptVectors                               
00000200  __STACK_SIZE                                   
000003c1  CS_setExternalClockSourceFrequency             
000003fd  CS_initClockSignal                             
00000501  CS_startHFXT                                   
00000525  CS_startHFXTWithTimeout                        
000005dd  CS_startLFXT                                   
00000601  CS_startLFXTWithTimeout                        
000006b5  CS_enableClockRequest                          
000006d7  CS_disableClockRequest                         
00000705  CS_setReferenceOscillatorFrequency             
00000727  CS_enableDCOExternalResistor                   
00000741  CS_setDCOExternalResistorCalibration           
00000751  CS_disableDCOExternalResistor                  
00000771  CS_setDCOCenteredFrequency                     
000007a5  CS_tuneDCOFrequency                            
000007fd  CS_getDCOFrequency                             
000008d5  CS_setDCOFrequency                             
00000a31  CS_getBCLK                                     
00000a55  CS_getHSMCLK                                   
00000a79  CS_getACLK                                     
00000aa1  CS_getSMCLK                                    
00000ac3  CS_getMCLK                                     
00000ae5  CS_enableFaultCounter                          
00000b11  CS_disableFaultCounter                         
00000b4d  CS_resetFaultCounter                           
00000b79  CS_startFaultCounter                           
00000bbd  CS_enableInterrupt                             
00000bf1  CS_disableInterrupt                            
00000c19  CS_getInterruptStatus                          
00000c29  CS_getEnabledInterruptStatus                   
00000c45  CS_clearInterruptFlag                          
00000c71  CS_registerInterrupt                           
00000c85  CS_unregisterInterrupt                         
00000e21  Timer_A_startCounter                           
00000e37  Timer_A_configureContinuousMode                
00000e67  Timer_A_configureUpMode                        
00000ec1  Timer_A_configureUpDownMode                    
00000f1b  Timer_A_initCapture                            
00000f5d  Timer_A_initCompare                            
00000f93  Timer_A_getCounterValue                        
00000fff  Timer_A_clearTimer                             
00001013  Timer_A_getSynchronizedCaptureCompareInput     
00001033  Timer_A_getOutputForOutputModeOutBitValue      
00001061  Timer_A_getCaptureCompareCount                 
00001075  Timer_A_setOutputForOutputModeOutBitValue      
00001089  Timer_A_generatePWM                            
000010e7  Timer_A_stopTimer                              
000010fb  Timer_A_setCompareValue                        
00001115  Timer_A_clearInterruptFlag                     
00001131  Timer_A_clearCaptureCompareInterrupt           
0000115d  Timer_A_enableInterrupt                        
00001171  Timer_A_disableInterrupt                       
00001189  Timer_A_getInterruptStatus                     
0000119b  Timer_A_enableCaptureCompareInterrupt          
000011c3  Timer_A_disableCaptureCompareInterrupt         
000011eb  Timer_A_getCaptureCompareInterruptStatus       
00001209  Timer_A_getEnabledInterruptStatus              
00001221  Timer_A_getCaptureCompareEnabledInterruptStatus
00001261  Timer_A_registerInterrupt                      
00001333  Timer_A_unregisterInterrupt                    
000013f9  PCM_setCoreVoltageLevel                        
00001407  PCM_setCoreVoltageLevelWithTimeout             
000014ed  PCM_setPowerMode                               
000014fb  PCM_getPowerMode                               
00001555  PCM_getCoreVoltageLevel                        
000015b3  PCM_setPowerModeWithTimeout                    
000016dd  PCM_setPowerState                              
00001709  PCM_setPowerStateWithTimeout                   
00001921  PCM_shutdownDevice                             
00001965  PCM_gotoLPM0                                   
00001983  PCM_gotoLPM0InterruptSafe                      
0000199f  PCM_gotoLPM3                                   
00001a17  PCM_gotoLPM3InterruptSafe                      
00001a33  PCM_getPowerState                              
00001a3d  PCM_enableRudeMode                             
00001a4f  PCM_disableRudeMode                            
00001a63  PCM_enableInterrupt                            
00001a77  PCM_disableInterrupt                           
00001a8b  PCM_getInterruptStatus                         
00001a91  PCM_getEnabledInterruptStatus                  
00001aa1  PCM_clearInterruptFlag                         
00001ab5  PCM_registerInterrupt                          
00001ac9  PCM_unregisterInterrupt                        
00001afd  GPIO_setAsOutputPin                            
00001b37  GPIO_setAsInputPin                             
00001b7d  GPIO_setAsPeripheralModuleFunctionOutputPin    
00001c01  GPIO_setAsPeripheralModuleFunctionInputPin     
00001c85  GPIO_setOutputHighOnPin                        
00001ca7  GPIO_setOutputLowOnPin                         
00001cc9  GPIO_toggleOutputOnPin                         
00001ceb  GPIO_setAsInputPinWithPullDownResistor         
00001d3d  GPIO_setAsInputPinWithPullUpResistor           
00001d8f  GPIO_getInputPinValue                          
00001dc5  GPIO_enableInterrupt                           
00001de7  GPIO_disableInterrupt                          
00001e09  GPIO_getInterruptStatus                        
00001e27  GPIO_clearInterruptFlag                        
00001e49  GPIO_interruptEdgeSelect                       
00001e7f  GPIO_getEnabledInterruptStatus                 
00001efb  GPIO_setDriveStrengthHigh                      
00001f1d  GPIO_setDriveStrengthLow                       
00001f3f  GPIO_registerInterrupt                         
00001f5f  GPIO_unregisterInterrupt                       
00001f87  Interrupt_enableMaster                         
00001f97  Interrupt_disableMaster                        
00001fa7  Interrupt_registerInterrupt                    
00001ff9  Interrupt_unregisterInterrupt                  
0000200d  Interrupt_setPriorityGrouping                  
00002027  Interrupt_getPriorityGrouping                  
0000205f  Interrupt_setPriority                          
000020af  Interrupt_getPriority                          
000020d5  Interrupt_enableInterrupt                      
00002147  Interrupt_disableInterrupt                     
000021b9  Interrupt_isEnabled                            
00002245  Interrupt_pendInterrupt                        
000022b5  Interrupt_unpendInterrupt                      
00002303  Interrupt_setPriorityMask                      
00002313  Interrupt_getPriorityMask                      
0000231d  Interrupt_setVectorTableAddress                
0000232d  Interrupt_getVectorTableAddress                
00002333  Interrupt_enableSleepOnIsrExit                 
00002345  Interrupt_disableSleepOnIsrExit                
00002375  main                                           
0000244d  Port1IsrHandler                                
000024c1  Timer_AIsrHandler                              
0000251d  TerminateGPIO                                  
000025df  InitializeDevice                               
00002717  PSS_enableHighSidePinToggle                    
00002745  PSS_disableHighSidePinToggle                   
00002757  PSS_enableHighSide                             
00002769  PSS_disableHighSide                            
0000277b  PSS_setHighSidePerformanceMode                 
0000279d  PSS_getHighSidePerformanceMode                 
000027ab  PSS_enableHighSideMonitor                      
000027bd  PSS_disableHighSideMonitor                     
000027cf  PSS_setHighSideVoltageTrigger                  
000027e9  PSS_getHighSideVoltageTrigger                  
000027f3  PSS_enableLowSide                              
00002805  PSS_disableLowSide                             
00002817  PSS_setLowSidePerformanceMode                  
00002839  PSS_getLowSidePerformanceMode                  
00002847  PSS_enableInterrupt                            
00002859  PSS_disableInterrupt                           
0000286b  PSS_getInterruptStatus                         
00002871  PSS_clearInterruptFlag                         
00002883  PSS_registerInterrupt                          
00002897  PSS_unregisterInterrupt                        
000028d9  SysCtl_getSRAMSize                             
000028df  SysCtl_getFlashSize                            
000028e5  SysCtl_disableNMISource                        
000028f9  SysCtl_enableNMISource                         
0000290d  SysCtl_getNMISourceStatus                      
00002913  SysCtl_enableSRAMBank                          
00002931  SysCtl_disableSRAMBank                         
0000299b  SysCtl_enableSRAMBankRetention                 
000029b9  SysCtl_disableSRAMBankRetention                
000029d7  SysCtl_rebootDevice                            
000029e1  SysCtl_enablePeripheralAtCPUHalt               
000029f5  SysCtl_disablePeripheralAtCPUHalt              
00002a09  SysCtl_setWDTTimeoutResetType                  
00002a2d  SysCtl_setWDTPasswordViolationResetType        
00002a51  SysCtl_enableGlitchFilter                      
00002a5d  SysCtl_disableGlitchFilter                     
00002a69  SysCtl_getTempCalibrationConstant              
00002aa9  __aeabi_dsub                                   
00002ab3  __aeabi_dadd                                   
00002c5f  __aeabi_ddiv                                   
00002d95  __aeabi_dmul                                   
00002e91  WDT_A_holdTimer                                
00002eb1  WDT_A_startTimer                               
00002ed1  WDT_A_clearTimer                               
00002ef1  WDT_A_initWatchdogTimer                        
00002f0d  WDT_A_initIntervalTimer                        
00002f29  WDT_A_setPasswordViolationReset                
00002f35  WDT_A_setTimeoutReset                          
00002f41  WDT_A_registerInterrupt                        
00002f55  WDT_A_unregisterInterrupt                      
00002f69  __aeabi_memcpy                                 
00002f69  __aeabi_memcpy4                                
00002f69  __aeabi_memcpy8                                
00002f69  memcpy                                         
00003005  __aeabi_memclr                                 
00003005  __aeabi_memclr4                                
00003005  __aeabi_memclr8                                
00003007  __aeabi_memset                                 
00003007  __aeabi_memset4                                
00003007  __aeabi_memset8                                
0000300d  memset                                         
00003081  __TI_auto_init                                 
00003159  _c_int00                                       
000031a9  copy_in                                        
000031f5  __aeabi_d2iz                                   
0000323d  C$$EXIT                                        
00003241  abort                                          
00003249  exit                                           
00003281  CPU_cpsid                                      
0000328d  CPU_primask                                    
00003297  CPU_cpsie                                      
000032a3  CPU_wfi                                        
000032a7  CPU_basepriSet                                 
000032b5  CPU_basepriGet                                 
000032bf  __aeabi_f2d                                    
000032f7  __aeabi_i2d                                    
00003325  _args_main                                     
0000333d  _register_unlock                               
00003343  _register_lock                                 
0000334b  _nop                                           
00003351  __TI_decompress_none                           
0000335f  __TI_zero_init                                 
00003377  __TI_decompress_rle24                          
0000337d  _system_pre_init                               
0000348c  __TI_Handler_Table_Base                        
00003498  __TI_Handler_Table_Limit                       
000034a8  __TI_CINIT_Base                                
000034c0  __TI_CINIT_Limit                               
20000000  g_pfnRAMVectors                                
200000e4  ledState                                       
200000e8  ledBlinkMax                                    
200000ec  _lock                                          
200000f0  _unlock                                        
200000f4  __TI_cleanup_ptr                               
200000f8  __TI_dtors_ptr                                 
200000fc  main_func_sp                                   
20000100  curPowerState                                  
20000108  ledBlinkCount                                  
20000110  stateChange                                    
2000fe00  __stack                                        
20010000  __STACK_END                                    
ffffffff  __binit__                                      
ffffffff  __c_args__                                     
ffffffff  binit                                          
UNDEFED   SHT$$INIT_ARRAY$$Base                          
UNDEFED   SHT$$INIT_ARRAY$$Limit                         

[235 symbols]
