******************************************************************************
                  TI ARM Linker PC v16.6.0                     
******************************************************************************
>> Linked Wed Oct 26 06:59:36 2016

OUTPUT FILE NAME:   <sdcard.out>
ENTRY POINT SYMBOL: "_c_int00"  address: 00001119


MEMORY CONFIGURATION

         name            origin    length      used     unused   attr    fill
----------------------  --------  ---------  --------  --------  ----  --------
  MAIN                  00000000   00040000  000012ac  0003ed54  R  X
  INFO                  00200000   00004000  00000000  00004000  R  X
  SRAM_CODE             01000000   00010000  0000042d  0000fbd3  RW X
  SRAM_DATA             20000000   00010000  0000042d  0000fbd3  RW  


SEGMENT ALLOCATION MAP

run origin  load origin   length   init length attrs members
----------  ----------- ---------- ----------- ----- -------
00000000    00000000    000012b0   000012b0    r-x
  00000000    00000000    000000e4   000000e4    r-- .intvecs
  000000e4    000000e4    00001180   00001180    r-x .text
  00001268    00001268    00000048   00000048    r-- .cinit
20000000    20000000    00000230   00000000    rw-
  20000000    20000000    00000201   00000000    rw- .bss
  20000204    20000204    0000002c   00000000    rw- .data
2000fe00    2000fe00    00000200   00000000    rw-
  2000fe00    2000fe00    00000200   00000000    rw- .stack


SECTION ALLOCATION MAP

 output                                  attributes/
section   page    origin      length       input sections
--------  ----  ----------  ----------   ----------------
.intvecs   0    00000000    000000e4     
                  00000000    000000e4     startup_msp432p401r_ccs.obj (.intvecs:retain)

.binit     0    00000000    00000000     

.text      0    000000e4    00001180     
                  000000e4    0000068c     mmc.obj (.text)
                  00000770    0000032c     system_msp432p401r.obj (.text)
                  00000a9c    0000029c     main.obj (.text)
                  00000d38    000001f0     hal_SPI.obj (.text)
                  00000f28    0000009c     rtsv7M4_T_le_v4SPD16_eabi.lib : memcpy_t2.obj (.text)
                  00000fc4    0000007a                                   : memset_t2.obj (.text)
                  0000103e    00000002                                   : mpu_init.obj (.text)
                  00001040    00000070                                   : autoinit.obj (.text)
                  000010b0    00000066                                   : copy_decompress_lzss.obj (.text:decompress:lzss)
                  00001116    00000002                                   : startup.obj (.text)
                  00001118    00000054                                   : boot.obj (.text)
                  0000116c    00000054                                   : exit.obj (.text)
                  000011c0    0000004c                                   : cpy_tbl.obj (.text)
                  0000120c    00000018                                   : args_main.obj (.text)
                  00001224    00000014                                   : _lock.obj (.text)
                  00001238    0000000e                                   : copy_decompress_none.obj (.text:decompress:none)
                  00001246    0000000e     startup_msp432p401r_ccs.obj (.text)
                  00001254    0000000c     rtsv7M4_T_le_v4SPD16_eabi.lib : copy_zero_init.obj (.text:decompress:ZI)
                  00001260    00000004                                   : pre_init.obj (.text)

.cinit     0    00001268    00000048     
                  00001268    0000001e     (.cinit..data.load) [load image, compression = lzss]
                  00001286    00000002     --HOLE-- [fill = 0]
                  00001288    0000000c     (__TI_handler_table)
                  00001294    00000004     --HOLE-- [fill = 0]
                  00001298    00000008     (.cinit..bss.load) [load image, compression = zero_init]
                  000012a0    00000010     (__TI_cinit_table)

.init_array 
*          0    00000000    00000000     UNINITIALIZED

.bss       0    20000000    00000201     UNINITIALIZED
                  20000000    00000200     (.common:buffer)
                  20000200    00000001     (.common:spi_bitbang_in_data)

.data      0    20000204    0000002c     UNINITIALIZED
                  20000204    00000010     main.obj (.data)
                  20000214    0000000c     rtsv7M4_T_le_v4SPD16_eabi.lib : exit.obj (.data:$O1$$)
                  20000220    00000008                                   : _lock.obj (.data:$O1$$)
                  20000228    00000004                                   : stkdepth_vars.obj (.data)
                  2000022c    00000004     system_msp432p401r.obj (.data)

.stack     0    2000fe00    00000200     UNINITIALIZED
                  2000fe00    00000200     --HOLE--

MODULE SUMMARY

       Module                        code   ro data   rw data
       ------                        ----   -------   -------
    .\
       main.obj                      668    0         1056   
       mmc.obj                       1676   0         0      
       system_msp432p401r.obj        812    0         8      
       hal_SPI.obj                   496    0         2      
       startup_msp432p401r_ccs.obj   14     228       0      
    +--+-----------------------------+------+---------+---------+
       Total:                        3666   228       1066   
                                                             
    D:\ti\ccsv6\tools\compiler\ti-cgt-arm_16.6.0.STS\lib\rtsv7M4_T_le_v4SPD16_eabi.lib
       memcpy_t2.obj                 156    0         0      
       memset_t2.obj                 122    0         0      
       autoinit.obj                  112    0         0      
       exit.obj                      84     0         24     
       copy_decompress_lzss.obj      102    0         0      
       boot.obj                      84     0         0      
       cpy_tbl.obj                   76     0         0      
       _lock.obj                     20     0         16     
       args_main.obj                 24     0         0      
       copy_decompress_none.obj      14     0         0      
       copy_zero_init.obj            12     0         0      
       stkdepth_vars.obj             0      0         8      
       pre_init.obj                  4      0         0      
       mpu_init.obj                  2      0         0      
       startup.obj                   2      0         0      
    +--+-----------------------------+------+---------+---------+
       Total:                        814    0         48     
                                                             
       Stack:                        0      0         1024   
       Linker Generated:             0      66        0      
    +--+-----------------------------+------+---------+---------+
       Grand Total:                  4480   294       2138   


LINKER GENERATED COPY TABLES

__TI_cinit_table @ 000012a0 records: 2, size/record: 8, table size: 16
	.data: load addr=00001268, load size=0000001e bytes, run addr=20000204, run size=0000002c bytes, compression=lzss
	.bss: load addr=00001298, load size=00000008 bytes, run addr=20000000, run size=00000201 bytes, compression=zero_init


LINKER GENERATED HANDLER TABLE

__TI_handler_table @ 00001288 records: 3, size/record: 4, table size: 12
	index: 0, handler: __TI_decompress_lzss
	index: 1, handler: __TI_decompress_none
	index: 2, handler: __TI_zero_init


GLOBAL SYMBOLS: SORTED ALPHABETICALLY BY Name 

address   name                           
-------   ----                           
00001253  ADC14_IRQHandler               
00001253  AES256_IRQHandler              
00001253  BusFault_Handler               
0000116d  C$$EXIT                        
00001253  COMP_E0_IRQHandler             
00001253  COMP_E1_IRQHandler             
00001253  CS_IRQHandler                  
00001253  DMA_ERR_IRQHandler             
00001253  DMA_INT0_IRQHandler            
00001253  DMA_INT1_IRQHandler            
00001253  DMA_INT2_IRQHandler            
00001253  DMA_INT3_IRQHandler            
00001253  DebugMon_Handler               
00001253  Default_Handler                
00001253  EUSCIA0_IRQHandler             
00001253  EUSCIA1_IRQHandler             
00001253  EUSCIA2_IRQHandler             
00001253  EUSCIA3_IRQHandler             
00001253  EUSCIB0_IRQHandler             
00001253  EUSCIB1_IRQHandler             
00001253  EUSCIB2_IRQHandler             
00001253  EUSCIB3_IRQHandler             
00001253  FLCTL_IRQHandler               
00001253  FPU_IRQHandler                 
00001253  HardFault_Handler              
00001253  MemManage_Handler              
00001253  NMI_Handler                    
00001253  PCM_IRQHandler                 
00001253  PORT1_IRQHandler               
00001253  PORT2_IRQHandler               
00001253  PORT3_IRQHandler               
00001253  PORT4_IRQHandler               
00001253  PORT5_IRQHandler               
00001253  PORT6_IRQHandler               
00001253  PSS_IRQHandler                 
00001253  PendSV_Handler                 
00001253  RTC_C_IRQHandler               
00001247  Reset_Handler                  
UNDEFED   SHT$$INIT_ARRAY$$Base          
UNDEFED   SHT$$INIT_ARRAY$$Limit         
00001253  SVC_Handler                    
00001253  SysTick_Handler                
2000022c  SystemCoreClock                
00000771  SystemCoreClockUpdate          
000009e5  SystemInit                     
00001253  T32_INT1_IRQHandler            
00001253  T32_INT2_IRQHandler            
00001253  T32_INTC_IRQHandler            
00001253  TA0_0_IRQHandler               
00001253  TA0_N_IRQHandler               
00001253  TA1_0_IRQHandler               
00001253  TA1_N_IRQHandler               
00001253  TA2_0_IRQHandler               
00001253  TA2_N_IRQHandler               
00001253  TA3_0_IRQHandler               
00001253  TA3_N_IRQHandler               
00001253  UsageFault_Handler             
4000480c  WDTCTL_SYM                     
00001253  WDT_A_IRQHandler               
20010000  __STACK_END                    
00000200  __STACK_SIZE                   
000012a0  __TI_CINIT_Base                
000012b0  __TI_CINIT_Limit               
00001288  __TI_Handler_Table_Base        
00001294  __TI_Handler_Table_Limit       
00001041  __TI_auto_init                 
20000214  __TI_cleanup_ptr               
000010b1  __TI_decompress_lzss           
00001239  __TI_decompress_none           
20000218  __TI_dtors_ptr                 
2000021c  __TI_enable_exit_profile_output
ffffffff  __TI_pprof_out_hndl            
ffffffff  __TI_prof_data_size            
ffffffff  __TI_prof_data_start           
00000000  __TI_static_base__             
00001255  __TI_zero_init                 
00000fc5  __aeabi_memclr                 
00000fc5  __aeabi_memclr4                
00000fc5  __aeabi_memclr8                
00000f29  __aeabi_memcpy                 
00000f29  __aeabi_memcpy4                
00000f29  __aeabi_memcpy8                
00000fc7  __aeabi_memset                 
00000fc7  __aeabi_memset4                
00000fc7  __aeabi_memset8                
ffffffff  __binit__                      
ffffffff  __c_args__                     
0000103f  __mpu_init                     
2000fe00  __stack                        
0000120d  _args_main                     
00001119  _c_int00                       
20000220  _lock                          
00001233  _nop                           
0000122b  _register_lock                 
00001225  _register_unlock               
00001117  _system_post_cinit             
00001261  _system_pre_init               
20000224  _unlock                        
00001171  abort                          
ffffffff  binit                          
20000000  buffer                         
20000204  cardSize                       
000011c1  copy_in                        
00001179  exit                           
00000d39  halSPISetup                    
20000210  i                              
00000000  interruptVectors               
00000a9d  main                           
20000228  main_func_sp                   
00000f29  memcpy                         
00000fcd  memset                         
00000233  mmcCheckBusy                   
000001c1  mmcGetResponse                 
000001f7  mmcGetXXResponse               
00000149  mmcGoIdle                      
000000e5  mmcInit                        
00000759  mmcPing                        
000002b5  mmcReadBlock                   
0000052b  mmcReadCardSize                
0000047b  mmcReadRegister                
000003d5  mmcSendCmd                     
00000437  mmcSetBlockLength              
0000033d  mmcWriteBlock                  
00000ea7  spiReadFrame                   
00000e93  spiSendByte                    
00000edf  spiSendFrame                   
00000da3  spi_bitbang_in                 
20000200  spi_bitbang_in_data            
00000e05  spi_bitbang_inout              
00000d3b  spi_bitbang_out                
20000208  status                         
2000020c  timeout                        


GLOBAL SYMBOLS: SORTED BY Symbol Address 

address   name                           
-------   ----                           
00000000  __TI_static_base__             
00000000  interruptVectors               
000000e5  mmcInit                        
00000149  mmcGoIdle                      
000001c1  mmcGetResponse                 
000001f7  mmcGetXXResponse               
00000200  __STACK_SIZE                   
00000233  mmcCheckBusy                   
000002b5  mmcReadBlock                   
0000033d  mmcWriteBlock                  
000003d5  mmcSendCmd                     
00000437  mmcSetBlockLength              
0000047b  mmcReadRegister                
0000052b  mmcReadCardSize                
00000759  mmcPing                        
00000771  SystemCoreClockUpdate          
000009e5  SystemInit                     
00000a9d  main                           
00000d39  halSPISetup                    
00000d3b  spi_bitbang_out                
00000da3  spi_bitbang_in                 
00000e05  spi_bitbang_inout              
00000e93  spiSendByte                    
00000ea7  spiReadFrame                   
00000edf  spiSendFrame                   
00000f29  __aeabi_memcpy                 
00000f29  __aeabi_memcpy4                
00000f29  __aeabi_memcpy8                
00000f29  memcpy                         
00000fc5  __aeabi_memclr                 
00000fc5  __aeabi_memclr4                
00000fc5  __aeabi_memclr8                
00000fc7  __aeabi_memset                 
00000fc7  __aeabi_memset4                
00000fc7  __aeabi_memset8                
00000fcd  memset                         
0000103f  __mpu_init                     
00001041  __TI_auto_init                 
000010b1  __TI_decompress_lzss           
00001117  _system_post_cinit             
00001119  _c_int00                       
0000116d  C$$EXIT                        
00001171  abort                          
00001179  exit                           
000011c1  copy_in                        
0000120d  _args_main                     
00001225  _register_unlock               
0000122b  _register_lock                 
00001233  _nop                           
00001239  __TI_decompress_none           
00001247  Reset_Handler                  
00001253  ADC14_IRQHandler               
00001253  AES256_IRQHandler              
00001253  BusFault_Handler               
00001253  COMP_E0_IRQHandler             
00001253  COMP_E1_IRQHandler             
00001253  CS_IRQHandler                  
00001253  DMA_ERR_IRQHandler             
00001253  DMA_INT0_IRQHandler            
00001253  DMA_INT1_IRQHandler            
00001253  DMA_INT2_IRQHandler            
00001253  DMA_INT3_IRQHandler            
00001253  DebugMon_Handler               
00001253  Default_Handler                
00001253  EUSCIA0_IRQHandler             
00001253  EUSCIA1_IRQHandler             
00001253  EUSCIA2_IRQHandler             
00001253  EUSCIA3_IRQHandler             
00001253  EUSCIB0_IRQHandler             
00001253  EUSCIB1_IRQHandler             
00001253  EUSCIB2_IRQHandler             
00001253  EUSCIB3_IRQHandler             
00001253  FLCTL_IRQHandler               
00001253  FPU_IRQHandler                 
00001253  HardFault_Handler              
00001253  MemManage_Handler              
00001253  NMI_Handler                    
00001253  PCM_IRQHandler                 
00001253  PORT1_IRQHandler               
00001253  PORT2_IRQHandler               
00001253  PORT3_IRQHandler               
00001253  PORT4_IRQHandler               
00001253  PORT5_IRQHandler               
00001253  PORT6_IRQHandler               
00001253  PSS_IRQHandler                 
00001253  PendSV_Handler                 
00001253  RTC_C_IRQHandler               
00001253  SVC_Handler                    
00001253  SysTick_Handler                
00001253  T32_INT1_IRQHandler            
00001253  T32_INT2_IRQHandler            
00001253  T32_INTC_IRQHandler            
00001253  TA0_0_IRQHandler               
00001253  TA0_N_IRQHandler               
00001253  TA1_0_IRQHandler               
00001253  TA1_N_IRQHandler               
00001253  TA2_0_IRQHandler               
00001253  TA2_N_IRQHandler               
00001253  TA3_0_IRQHandler               
00001253  TA3_N_IRQHandler               
00001253  UsageFault_Handler             
00001253  WDT_A_IRQHandler               
00001255  __TI_zero_init                 
00001261  _system_pre_init               
00001288  __TI_Handler_Table_Base        
00001294  __TI_Handler_Table_Limit       
000012a0  __TI_CINIT_Base                
000012b0  __TI_CINIT_Limit               
20000000  buffer                         
20000200  spi_bitbang_in_data            
20000204  cardSize                       
20000208  status                         
2000020c  timeout                        
20000210  i                              
20000214  __TI_cleanup_ptr               
20000218  __TI_dtors_ptr                 
2000021c  __TI_enable_exit_profile_output
20000220  _lock                          
20000224  _unlock                        
20000228  main_func_sp                   
2000022c  SystemCoreClock                
2000fe00  __stack                        
20010000  __STACK_END                    
4000480c  WDTCTL_SYM                     
ffffffff  __TI_pprof_out_hndl            
ffffffff  __TI_prof_data_size            
ffffffff  __TI_prof_data_start           
ffffffff  __binit__                      
ffffffff  __c_args__                     
ffffffff  binit                          
UNDEFED   SHT$$INIT_ARRAY$$Base          
UNDEFED   SHT$$INIT_ARRAY$$Limit         

[132 symbols]
