******************************************************************************
                  TI ARM Linker PC v16.6.0                     
******************************************************************************
>> Linked Wed Oct 26 06:59:24 2016

OUTPUT FILE NAME:   <LDR_demo.out>
ENTRY POINT SYMBOL: "_c_int00"  address: 00000585


MEMORY CONFIGURATION

         name            origin    length      used     unused   attr    fill
----------------------  --------  ---------  --------  --------  ----  --------
  MAIN                  00000000   00040000  0000073e  0003f8c2  R  X
  INFO                  00200000   00004000  00000000  00004000  R  X
  SRAM_CODE             01000000   00010000  0000021c  0000fde4  RW X
  SRAM_DATA             20000000   00010000  0000021c  0000fde4  RW  


SEGMENT ALLOCATION MAP

run origin  load origin   length   init length attrs members
----------  ----------- ---------- ----------- ----- -------
00000000    00000000    00000740   00000740    r-x
  00000000    00000000    000000e4   000000e4    r-- .intvecs
  000000e4    000000e4    00000632   00000632    r-x .text
  00000718    00000718    00000028   00000028    r-- .cinit
20000000    20000000    0000001c   00000000    rw-
  20000000    20000000    0000001c   00000000    rw- .data
2000fe00    2000fe00    00000200   00000000    rw-
  2000fe00    2000fe00    00000200   00000000    rw- .stack


SECTION ALLOCATION MAP

 output                                  attributes/
section   page    origin      length       input sections
--------  ----  ----------  ----------   ----------------
.intvecs   0    00000000    000000e4     
                  00000000    000000e4     startup_msp432p401r_ccs.obj (.intvecs:retain)

.binit     0    00000000    00000000     

.text      0    000000e4    00000632     
                  000000e4    0000032c     system_msp432p401r.obj (.text)
                  00000410    0000009c     rtsv7M4_T_le_v4SPD16_eabi.lib : memcpy_t2.obj (.text)
                  000004ac    00000070                                   : autoinit.obj (.text)
                  0000051c    00000066                                   : copy_decompress_lzss.obj (.text:decompress:lzss)
                  00000582    00000002                                   : mpu_init.obj (.text)
                  00000584    00000054                                   : boot.obj (.text)
                  000005d8    00000054                                   : exit.obj (.text)
                  0000062c    00000050     LDR_demo.obj (.text)
                  0000067c    0000004c     rtsv7M4_T_le_v4SPD16_eabi.lib : cpy_tbl.obj (.text)
                  000006c8    00000018                                   : args_main.obj (.text)
                  000006e0    00000014                                   : _lock.obj (.text)
                  000006f4    0000000e                                   : copy_decompress_none.obj (.text:decompress:none)
                  00000702    0000000e     startup_msp432p401r_ccs.obj (.text)
                  00000710    00000004     rtsv7M4_T_le_v4SPD16_eabi.lib : pre_init.obj (.text)
                  00000714    00000002                                   : startup.obj (.text)

.cinit     0    00000718    00000028     
                  00000718    00000015     (.cinit..data.load) [load image, compression = lzss]
                  0000072d    00000003     --HOLE-- [fill = 0]
                  00000730    00000008     (__TI_handler_table)
                  00000738    00000008     (__TI_cinit_table)

.init_array 
*          0    00000000    00000000     UNINITIALIZED

.data      0    20000000    0000001c     UNINITIALIZED
                  20000000    0000000c     rtsv7M4_T_le_v4SPD16_eabi.lib : exit.obj (.data:$O1$$)
                  2000000c    00000008                                   : _lock.obj (.data:$O1$$)
                  20000014    00000004                                   : stkdepth_vars.obj (.data)
                  20000018    00000004     system_msp432p401r.obj (.data)

.stack     0    2000fe00    00000200     UNINITIALIZED
                  2000fe00    00000200     --HOLE--

MODULE SUMMARY

       Module                        code   ro data   rw data
       ------                        ----   -------   -------
    .\
       system_msp432p401r.obj        812    0         8      
       startup_msp432p401r_ccs.obj   14     228       0      
       LDR_demo.obj                  80     0         0      
    +--+-----------------------------+------+---------+---------+
       Total:                        906    228       8      
                                                             
    D:\ti\ccsv6\tools\compiler\ti-cgt-arm_16.6.0.STS\lib\rtsv7M4_T_le_v4SPD16_eabi.lib
       memcpy_t2.obj                 156    0         0      
       autoinit.obj                  112    0         0      
       exit.obj                      84     0         24     
       copy_decompress_lzss.obj      102    0         0      
       boot.obj                      84     0         0      
       cpy_tbl.obj                   76     0         0      
       _lock.obj                     20     0         16     
       args_main.obj                 24     0         0      
       copy_decompress_none.obj      14     0         0      
       stkdepth_vars.obj             0      0         8      
       pre_init.obj                  4      0         0      
       mpu_init.obj                  2      0         0      
       startup.obj                   2      0         0      
    +--+-----------------------------+------+---------+---------+
       Total:                        680    0         48     
                                                             
       Stack:                        0      0         1024   
       Linker Generated:             0      37        0      
    +--+-----------------------------+------+---------+---------+
       Grand Total:                  1586   265       1080   


LINKER GENERATED COPY TABLES

__TI_cinit_table @ 00000738 records: 1, size/record: 8, table size: 8
	.data: load addr=00000718, load size=00000015 bytes, run addr=20000000, run size=0000001c bytes, compression=lzss


LINKER GENERATED HANDLER TABLE

__TI_handler_table @ 00000730 records: 2, size/record: 4, table size: 8
	index: 0, handler: __TI_decompress_lzss
	index: 1, handler: __TI_decompress_none


GLOBAL SYMBOLS: SORTED ALPHABETICALLY BY Name 

address   name                           
-------   ----                           
0000070f  ADC14_IRQHandler               
0000070f  AES256_IRQHandler              
0000070f  BusFault_Handler               
000005d9  C$$EXIT                        
0000070f  COMP_E0_IRQHandler             
0000070f  COMP_E1_IRQHandler             
0000070f  CS_IRQHandler                  
0000070f  DMA_ERR_IRQHandler             
0000070f  DMA_INT0_IRQHandler            
0000070f  DMA_INT1_IRQHandler            
0000070f  DMA_INT2_IRQHandler            
0000070f  DMA_INT3_IRQHandler            
0000070f  DebugMon_Handler               
0000070f  Default_Handler                
0000070f  EUSCIA0_IRQHandler             
0000070f  EUSCIA1_IRQHandler             
0000070f  EUSCIA2_IRQHandler             
0000070f  EUSCIA3_IRQHandler             
0000070f  EUSCIB0_IRQHandler             
0000070f  EUSCIB1_IRQHandler             
0000070f  EUSCIB2_IRQHandler             
0000070f  EUSCIB3_IRQHandler             
0000070f  FLCTL_IRQHandler               
0000070f  FPU_IRQHandler                 
0000070f  HardFault_Handler              
0000070f  MemManage_Handler              
0000070f  NMI_Handler                    
0000070f  PCM_IRQHandler                 
0000070f  PORT1_IRQHandler               
0000070f  PORT2_IRQHandler               
0000070f  PORT3_IRQHandler               
0000070f  PORT4_IRQHandler               
0000070f  PORT5_IRQHandler               
0000070f  PORT6_IRQHandler               
0000070f  PSS_IRQHandler                 
0000070f  PendSV_Handler                 
0000070f  RTC_C_IRQHandler               
00000703  Reset_Handler                  
UNDEFED   SHT$$INIT_ARRAY$$Base          
UNDEFED   SHT$$INIT_ARRAY$$Limit         
0000070f  SVC_Handler                    
0000070f  SysTick_Handler                
20000018  SystemCoreClock                
000000e5  SystemCoreClockUpdate          
00000359  SystemInit                     
0000070f  T32_INT1_IRQHandler            
0000070f  T32_INT2_IRQHandler            
0000070f  T32_INTC_IRQHandler            
0000070f  TA0_0_IRQHandler               
0000070f  TA0_N_IRQHandler               
0000070f  TA1_0_IRQHandler               
0000070f  TA1_N_IRQHandler               
0000070f  TA2_0_IRQHandler               
0000070f  TA2_N_IRQHandler               
0000070f  TA3_0_IRQHandler               
0000070f  TA3_N_IRQHandler               
0000070f  UsageFault_Handler             
4000480c  WDTCTL_SYM                     
0000070f  WDT_A_IRQHandler               
20010000  __STACK_END                    
00000200  __STACK_SIZE                   
00000738  __TI_CINIT_Base                
00000740  __TI_CINIT_Limit               
00000730  __TI_Handler_Table_Base        
00000738  __TI_Handler_Table_Limit       
000004ad  __TI_auto_init                 
20000000  __TI_cleanup_ptr               
0000051d  __TI_decompress_lzss           
000006f5  __TI_decompress_none           
20000004  __TI_dtors_ptr                 
20000008  __TI_enable_exit_profile_output
ffffffff  __TI_pprof_out_hndl            
ffffffff  __TI_prof_data_size            
ffffffff  __TI_prof_data_start           
00000000  __TI_static_base__             
00000411  __aeabi_memcpy                 
00000411  __aeabi_memcpy4                
00000411  __aeabi_memcpy8                
ffffffff  __binit__                      
ffffffff  __c_args__                     
00000583  __mpu_init                     
2000fe00  __stack                        
000006c9  _args_main                     
00000585  _c_int00                       
2000000c  _lock                          
000006ef  _nop                           
000006e7  _register_lock                 
000006e1  _register_unlock               
00000715  _system_post_cinit             
00000711  _system_pre_init               
20000010  _unlock                        
000005dd  abort                          
ffffffff  binit                          
0000067d  copy_in                        
000005e5  exit                           
00000000  interruptVectors               
0000062d  main                           
20000014  main_func_sp                   
00000411  memcpy                         


GLOBAL SYMBOLS: SORTED BY Symbol Address 

address   name                           
-------   ----                           
00000000  __TI_static_base__             
00000000  interruptVectors               
000000e5  SystemCoreClockUpdate          
00000200  __STACK_SIZE                   
00000359  SystemInit                     
00000411  __aeabi_memcpy                 
00000411  __aeabi_memcpy4                
00000411  __aeabi_memcpy8                
00000411  memcpy                         
000004ad  __TI_auto_init                 
0000051d  __TI_decompress_lzss           
00000583  __mpu_init                     
00000585  _c_int00                       
000005d9  C$$EXIT                        
000005dd  abort                          
000005e5  exit                           
0000062d  main                           
0000067d  copy_in                        
000006c9  _args_main                     
000006e1  _register_unlock               
000006e7  _register_lock                 
000006ef  _nop                           
000006f5  __TI_decompress_none           
00000703  Reset_Handler                  
0000070f  ADC14_IRQHandler               
0000070f  AES256_IRQHandler              
0000070f  BusFault_Handler               
0000070f  COMP_E0_IRQHandler             
0000070f  COMP_E1_IRQHandler             
0000070f  CS_IRQHandler                  
0000070f  DMA_ERR_IRQHandler             
0000070f  DMA_INT0_IRQHandler            
0000070f  DMA_INT1_IRQHandler            
0000070f  DMA_INT2_IRQHandler            
0000070f  DMA_INT3_IRQHandler            
0000070f  DebugMon_Handler               
0000070f  Default_Handler                
0000070f  EUSCIA0_IRQHandler             
0000070f  EUSCIA1_IRQHandler             
0000070f  EUSCIA2_IRQHandler             
0000070f  EUSCIA3_IRQHandler             
0000070f  EUSCIB0_IRQHandler             
0000070f  EUSCIB1_IRQHandler             
0000070f  EUSCIB2_IRQHandler             
0000070f  EUSCIB3_IRQHandler             
0000070f  FLCTL_IRQHandler               
0000070f  FPU_IRQHandler                 
0000070f  HardFault_Handler              
0000070f  MemManage_Handler              
0000070f  NMI_Handler                    
0000070f  PCM_IRQHandler                 
0000070f  PORT1_IRQHandler               
0000070f  PORT2_IRQHandler               
0000070f  PORT3_IRQHandler               
0000070f  PORT4_IRQHandler               
0000070f  PORT5_IRQHandler               
0000070f  PORT6_IRQHandler               
0000070f  PSS_IRQHandler                 
0000070f  PendSV_Handler                 
0000070f  RTC_C_IRQHandler               
0000070f  SVC_Handler                    
0000070f  SysTick_Handler                
0000070f  T32_INT1_IRQHandler            
0000070f  T32_INT2_IRQHandler            
0000070f  T32_INTC_IRQHandler            
0000070f  TA0_0_IRQHandler               
0000070f  TA0_N_IRQHandler               
0000070f  TA1_0_IRQHandler               
0000070f  TA1_N_IRQHandler               
0000070f  TA2_0_IRQHandler               
0000070f  TA2_N_IRQHandler               
0000070f  TA3_0_IRQHandler               
0000070f  TA3_N_IRQHandler               
0000070f  UsageFault_Handler             
0000070f  WDT_A_IRQHandler               
00000711  _system_pre_init               
00000715  _system_post_cinit             
00000730  __TI_Handler_Table_Base        
00000738  __TI_CINIT_Base                
00000738  __TI_Handler_Table_Limit       
00000740  __TI_CINIT_Limit               
20000000  __TI_cleanup_ptr               
20000004  __TI_dtors_ptr                 
20000008  __TI_enable_exit_profile_output
2000000c  _lock                          
20000010  _unlock                        
20000014  main_func_sp                   
20000018  SystemCoreClock                
2000fe00  __stack                        
20010000  __STACK_END                    
4000480c  WDTCTL_SYM                     
ffffffff  __TI_pprof_out_hndl            
ffffffff  __TI_prof_data_size            
ffffffff  __TI_prof_data_start           
ffffffff  __binit__                      
ffffffff  __c_args__                     
ffffffff  binit                          
UNDEFED   SHT$$INIT_ARRAY$$Base          
UNDEFED   SHT$$INIT_ARRAY$$Limit         

[99 symbols]
