<?xml version="1.0"?>
<link_info>
   <banner>TI ARM Linker PC v16.6.0.STS</banner>
   <copyright>Copyright (c) 1996-2015 Texas Instruments Incorporated</copyright>
   <link_time>0x580fff85</link_time>
   <link_errors>0x0</link_errors>
   <output_file>ADC_temperature_sensor.out</output_file>
   <entry_point>
      <name>_c_int00</name>
      <address>0x4891</address>
   </entry_point>
   <input_file_list>
      <input_file id="fl-2">
         <path>.\</path>
         <kind>object</kind>
         <file>adc14.obj</file>
         <name>adc14.obj</name>
      </input_file>
      <input_file id="fl-3">
         <path>.\</path>
         <kind>object</kind>
         <file>cpu.obj</file>
         <name>cpu.obj</name>
      </input_file>
      <input_file id="fl-4">
         <path>.\</path>
         <kind>object</kind>
         <file>fpu.obj</file>
         <name>fpu.obj</name>
      </input_file>
      <input_file id="fl-5">
         <path>.\</path>
         <kind>object</kind>
         <file>gpio.obj</file>
         <name>gpio.obj</name>
      </input_file>
      <input_file id="fl-6">
         <path>.\</path>
         <kind>object</kind>
         <file>interrupt.obj</file>
         <name>interrupt.obj</name>
      </input_file>
      <input_file id="fl-7">
         <path>.\</path>
         <kind>object</kind>
         <file>main.obj</file>
         <name>main.obj</name>
      </input_file>
      <input_file id="fl-8">
         <path>.\</path>
         <kind>object</kind>
         <file>ref_a.obj</file>
         <name>ref_a.obj</name>
      </input_file>
      <input_file id="fl-9">
         <path>.\</path>
         <kind>object</kind>
         <file>reset.obj</file>
         <name>reset.obj</name>
      </input_file>
      <input_file id="fl-a">
         <path>.\</path>
         <kind>object</kind>
         <file>startup_msp432p401r_ccs.obj</file>
         <name>startup_msp432p401r_ccs.obj</name>
      </input_file>
      <input_file id="fl-b">
         <path>.\</path>
         <kind>object</kind>
         <file>sysctl.obj</file>
         <name>sysctl.obj</name>
      </input_file>
      <input_file id="fl-c">
         <path>.\</path>
         <kind>object</kind>
         <file>system_msp432p401r.obj</file>
         <name>system_msp432p401r.obj</name>
      </input_file>
      <input_file id="fl-d">
         <path>.\</path>
         <kind>object</kind>
         <file>wdt_a.obj</file>
         <name>wdt_a.obj</name>
      </input_file>
      <input_file id="fl-c7">
         <path>D:\ti\ccsv6\tools\compiler\ti-cgt-arm_16.6.0.STS\lib\</path>
         <kind>archive</kind>
         <file>rtsv7M4_T_le_v4SPD16_eabi.lib</file>
         <name>boot.obj</name>
      </input_file>
      <input_file id="fl-c8">
         <path>D:\ti\ccsv6\tools\compiler\ti-cgt-arm_16.6.0.STS\lib\</path>
         <kind>archive</kind>
         <file>rtsv7M4_T_le_v4SPD16_eabi.lib</file>
         <name>copy_decompress_lzss.obj</name>
      </input_file>
      <input_file id="fl-c9">
         <path>D:\ti\ccsv6\tools\compiler\ti-cgt-arm_16.6.0.STS\lib\</path>
         <kind>archive</kind>
         <file>rtsv7M4_T_le_v4SPD16_eabi.lib</file>
         <name>copy_decompress_none.obj</name>
      </input_file>
      <input_file id="fl-ca">
         <path>D:\ti\ccsv6\tools\compiler\ti-cgt-arm_16.6.0.STS\lib\</path>
         <kind>archive</kind>
         <file>rtsv7M4_T_le_v4SPD16_eabi.lib</file>
         <name>copy_zero_init.obj</name>
      </input_file>
      <input_file id="fl-cb">
         <path>D:\ti\ccsv6\tools\compiler\ti-cgt-arm_16.6.0.STS\lib\</path>
         <kind>archive</kind>
         <file>rtsv7M4_T_le_v4SPD16_eabi.lib</file>
         <name>exit.obj</name>
      </input_file>
      <input_file id="fl-cc">
         <path>D:\ti\ccsv6\tools\compiler\ti-cgt-arm_16.6.0.STS\lib\</path>
         <kind>archive</kind>
         <file>rtsv7M4_T_le_v4SPD16_eabi.lib</file>
         <name>memcpy_t2.obj</name>
      </input_file>
      <input_file id="fl-cd">
         <path>D:\ti\ccsv6\tools\compiler\ti-cgt-arm_16.6.0.STS\lib\</path>
         <kind>archive</kind>
         <file>rtsv7M4_T_le_v4SPD16_eabi.lib</file>
         <name>memset_t2.obj</name>
      </input_file>
      <input_file id="fl-ce">
         <path>D:\ti\ccsv6\tools\compiler\ti-cgt-arm_16.6.0.STS\lib\</path>
         <kind>archive</kind>
         <file>rtsv7M4_T_le_v4SPD16_eabi.lib</file>
         <name>mpu_init.obj</name>
      </input_file>
      <input_file id="fl-cf">
         <path>D:\ti\ccsv6\tools\compiler\ti-cgt-arm_16.6.0.STS\lib\</path>
         <kind>archive</kind>
         <file>rtsv7M4_T_le_v4SPD16_eabi.lib</file>
         <name>pre_init.obj</name>
      </input_file>
      <input_file id="fl-d0">
         <path>D:\ti\ccsv6\tools\compiler\ti-cgt-arm_16.6.0.STS\lib\</path>
         <kind>archive</kind>
         <file>rtsv7M4_T_le_v4SPD16_eabi.lib</file>
         <name>printf.obj</name>
      </input_file>
      <input_file id="fl-d1">
         <path>D:\ti\ccsv6\tools\compiler\ti-cgt-arm_16.6.0.STS\lib\</path>
         <kind>archive</kind>
         <file>rtsv7M4_T_le_v4SPD16_eabi.lib</file>
         <name>stkdepth_vars.obj</name>
      </input_file>
      <input_file id="fl-d2">
         <path>D:\ti\ccsv6\tools\compiler\ti-cgt-arm_16.6.0.STS\lib\</path>
         <kind>archive</kind>
         <file>rtsv7M4_T_le_v4SPD16_eabi.lib</file>
         <name>_lock.obj</name>
      </input_file>
      <input_file id="fl-d3">
         <path>D:\ti\ccsv6\tools\compiler\ti-cgt-arm_16.6.0.STS\lib\</path>
         <kind>archive</kind>
         <file>rtsv7M4_T_le_v4SPD16_eabi.lib</file>
         <name>_printfi.obj</name>
      </input_file>
      <input_file id="fl-d4">
         <path>D:\ti\ccsv6\tools\compiler\ti-cgt-arm_16.6.0.STS\lib\</path>
         <kind>archive</kind>
         <file>rtsv7M4_T_le_v4SPD16_eabi.lib</file>
         <name>args_main.obj</name>
      </input_file>
      <input_file id="fl-d5">
         <path>D:\ti\ccsv6\tools\compiler\ti-cgt-arm_16.6.0.STS\lib\</path>
         <kind>archive</kind>
         <file>rtsv7M4_T_le_v4SPD16_eabi.lib</file>
         <name>atoi.obj</name>
      </input_file>
      <input_file id="fl-d6">
         <path>D:\ti\ccsv6\tools\compiler\ti-cgt-arm_16.6.0.STS\lib\</path>
         <kind>archive</kind>
         <file>rtsv7M4_T_le_v4SPD16_eabi.lib</file>
         <name>autoinit.obj</name>
      </input_file>
      <input_file id="fl-d7">
         <path>D:\ti\ccsv6\tools\compiler\ti-cgt-arm_16.6.0.STS\lib\</path>
         <kind>archive</kind>
         <file>rtsv7M4_T_le_v4SPD16_eabi.lib</file>
         <name>cpy_tbl.obj</name>
      </input_file>
      <input_file id="fl-d8">
         <path>D:\ti\ccsv6\tools\compiler\ti-cgt-arm_16.6.0.STS\lib\</path>
         <kind>archive</kind>
         <file>rtsv7M4_T_le_v4SPD16_eabi.lib</file>
         <name>ctype.obj</name>
      </input_file>
      <input_file id="fl-d9">
         <path>D:\ti\ccsv6\tools\compiler\ti-cgt-arm_16.6.0.STS\lib\</path>
         <kind>archive</kind>
         <file>rtsv7M4_T_le_v4SPD16_eabi.lib</file>
         <name>defs.obj</name>
      </input_file>
      <input_file id="fl-da">
         <path>D:\ti\ccsv6\tools\compiler\ti-cgt-arm_16.6.0.STS\lib\</path>
         <kind>archive</kind>
         <file>rtsv7M4_T_le_v4SPD16_eabi.lib</file>
         <name>fd_add_t2.obj</name>
      </input_file>
      <input_file id="fl-db">
         <path>D:\ti\ccsv6\tools\compiler\ti-cgt-arm_16.6.0.STS\lib\</path>
         <kind>archive</kind>
         <file>rtsv7M4_T_le_v4SPD16_eabi.lib</file>
         <name>fd_cmp_t2.obj</name>
      </input_file>
      <input_file id="fl-dc">
         <path>D:\ti\ccsv6\tools\compiler\ti-cgt-arm_16.6.0.STS\lib\</path>
         <kind>archive</kind>
         <file>rtsv7M4_T_le_v4SPD16_eabi.lib</file>
         <name>fd_div_t2.obj</name>
      </input_file>
      <input_file id="fl-dd">
         <path>D:\ti\ccsv6\tools\compiler\ti-cgt-arm_16.6.0.STS\lib\</path>
         <kind>archive</kind>
         <file>rtsv7M4_T_le_v4SPD16_eabi.lib</file>
         <name>fd_mul_t2.obj</name>
      </input_file>
      <input_file id="fl-de">
         <path>D:\ti\ccsv6\tools\compiler\ti-cgt-arm_16.6.0.STS\lib\</path>
         <kind>archive</kind>
         <file>rtsv7M4_T_le_v4SPD16_eabi.lib</file>
         <name>fd_toi_t2.obj</name>
      </input_file>
      <input_file id="fl-df">
         <path>D:\ti\ccsv6\tools\compiler\ti-cgt-arm_16.6.0.STS\lib\</path>
         <kind>archive</kind>
         <file>rtsv7M4_T_le_v4SPD16_eabi.lib</file>
         <name>fputc.obj</name>
      </input_file>
      <input_file id="fl-e0">
         <path>D:\ti\ccsv6\tools\compiler\ti-cgt-arm_16.6.0.STS\lib\</path>
         <kind>archive</kind>
         <file>rtsv7M4_T_le_v4SPD16_eabi.lib</file>
         <name>fputs.obj</name>
      </input_file>
      <input_file id="fl-e1">
         <path>D:\ti\ccsv6\tools\compiler\ti-cgt-arm_16.6.0.STS\lib\</path>
         <kind>archive</kind>
         <file>rtsv7M4_T_le_v4SPD16_eabi.lib</file>
         <name>i_tofd_t2.obj</name>
      </input_file>
      <input_file id="fl-e2">
         <path>D:\ti\ccsv6\tools\compiler\ti-cgt-arm_16.6.0.STS\lib\</path>
         <kind>archive</kind>
         <file>rtsv7M4_T_le_v4SPD16_eabi.lib</file>
         <name>lowlev.obj</name>
      </input_file>
      <input_file id="fl-e3">
         <path>D:\ti\ccsv6\tools\compiler\ti-cgt-arm_16.6.0.STS\lib\</path>
         <kind>archive</kind>
         <file>rtsv7M4_T_le_v4SPD16_eabi.lib</file>
         <name>ltoa.obj</name>
      </input_file>
      <input_file id="fl-e4">
         <path>D:\ti\ccsv6\tools\compiler\ti-cgt-arm_16.6.0.STS\lib\</path>
         <kind>archive</kind>
         <file>rtsv7M4_T_le_v4SPD16_eabi.lib</file>
         <name>memccpy.obj</name>
      </input_file>
      <input_file id="fl-e5">
         <path>D:\ti\ccsv6\tools\compiler\ti-cgt-arm_16.6.0.STS\lib\</path>
         <kind>archive</kind>
         <file>rtsv7M4_T_le_v4SPD16_eabi.lib</file>
         <name>memchr.obj</name>
      </input_file>
      <input_file id="fl-e6">
         <path>D:\ti\ccsv6\tools\compiler\ti-cgt-arm_16.6.0.STS\lib\</path>
         <kind>archive</kind>
         <file>rtsv7M4_T_le_v4SPD16_eabi.lib</file>
         <name>s_frexp.obj</name>
      </input_file>
      <input_file id="fl-e7">
         <path>D:\ti\ccsv6\tools\compiler\ti-cgt-arm_16.6.0.STS\lib\</path>
         <kind>archive</kind>
         <file>rtsv7M4_T_le_v4SPD16_eabi.lib</file>
         <name>s_scalbn.obj</name>
      </input_file>
      <input_file id="fl-e8">
         <path>D:\ti\ccsv6\tools\compiler\ti-cgt-arm_16.6.0.STS\lib\</path>
         <kind>archive</kind>
         <file>rtsv7M4_T_le_v4SPD16_eabi.lib</file>
         <name>startup.obj</name>
      </input_file>
      <input_file id="fl-e9">
         <path>D:\ti\ccsv6\tools\compiler\ti-cgt-arm_16.6.0.STS\lib\</path>
         <kind>archive</kind>
         <file>rtsv7M4_T_le_v4SPD16_eabi.lib</file>
         <name>strchr.obj</name>
      </input_file>
      <input_file id="fl-ea">
         <path>D:\ti\ccsv6\tools\compiler\ti-cgt-arm_16.6.0.STS\lib\</path>
         <kind>archive</kind>
         <file>rtsv7M4_T_le_v4SPD16_eabi.lib</file>
         <name>strcmp.obj</name>
      </input_file>
      <input_file id="fl-eb">
         <path>D:\ti\ccsv6\tools\compiler\ti-cgt-arm_16.6.0.STS\lib\</path>
         <kind>archive</kind>
         <file>rtsv7M4_T_le_v4SPD16_eabi.lib</file>
         <name>strlen.obj</name>
      </input_file>
      <input_file id="fl-ec">
         <path>D:\ti\ccsv6\tools\compiler\ti-cgt-arm_16.6.0.STS\lib\</path>
         <kind>archive</kind>
         <file>rtsv7M4_T_le_v4SPD16_eabi.lib</file>
         <name>strncpy.obj</name>
      </input_file>
      <input_file id="fl-ed">
         <path>D:\ti\ccsv6\tools\compiler\ti-cgt-arm_16.6.0.STS\lib\</path>
         <kind>archive</kind>
         <file>rtsv7M4_T_le_v4SPD16_eabi.lib</file>
         <name>trgdrv.obj</name>
      </input_file>
      <input_file id="fl-ee">
         <path>D:\ti\ccsv6\tools\compiler\ti-cgt-arm_16.6.0.STS\lib\</path>
         <kind>archive</kind>
         <file>rtsv7M4_T_le_v4SPD16_eabi.lib</file>
         <name>trgmsg.obj</name>
      </input_file>
      <input_file id="fl-ef">
         <path>D:\ti\ccsv6\tools\compiler\ti-cgt-arm_16.6.0.STS\lib\</path>
         <kind>archive</kind>
         <file>rtsv7M4_T_le_v4SPD16_eabi.lib</file>
         <name>ull_div_t2.obj</name>
      </input_file>
      <input_file id="fl-f0">
         <path>D:\ti\ccsv6\tools\compiler\ti-cgt-arm_16.6.0.STS\lib\</path>
         <kind>archive</kind>
         <file>rtsv7M4_T_le_v4SPD16_eabi.lib</file>
         <name>_io_perm.obj</name>
      </input_file>
      <input_file id="fl-f1">
         <path>D:\ti\ccsv6\tools\compiler\ti-cgt-arm_16.6.0.STS\lib\</path>
         <kind>archive</kind>
         <file>rtsv7M4_T_le_v4SPD16_eabi.lib</file>
         <name>errno.obj</name>
      </input_file>
      <input_file id="fl-f2">
         <path>D:\ti\ccsv6\tools\compiler\ti-cgt-arm_16.6.0.STS\lib\</path>
         <kind>archive</kind>
         <file>rtsv7M4_T_le_v4SPD16_eabi.lib</file>
         <name>fflush.obj</name>
      </input_file>
      <input_file id="fl-f3">
         <path>D:\ti\ccsv6\tools\compiler\ti-cgt-arm_16.6.0.STS\lib\</path>
         <kind>archive</kind>
         <file>rtsv7M4_T_le_v4SPD16_eabi.lib</file>
         <name>fseek.obj</name>
      </input_file>
      <input_file id="fl-f4">
         <path>D:\ti\ccsv6\tools\compiler\ti-cgt-arm_16.6.0.STS\lib\</path>
         <kind>archive</kind>
         <file>rtsv7M4_T_le_v4SPD16_eabi.lib</file>
         <name>s_copysign.obj</name>
      </input_file>
      <input_file id="fl-f5">
         <path>D:\ti\ccsv6\tools\compiler\ti-cgt-arm_16.6.0.STS\lib\</path>
         <kind>archive</kind>
         <file>rtsv7M4_T_le_v4SPD16_eabi.lib</file>
         <name>setvbuf.obj</name>
      </input_file>
      <input_file id="fl-f6">
         <path>D:\ti\ccsv6\tools\compiler\ti-cgt-arm_16.6.0.STS\lib\</path>
         <kind>archive</kind>
         <file>rtsv7M4_T_le_v4SPD16_eabi.lib</file>
         <name>strcpy.obj</name>
      </input_file>
      <input_file id="fl-f7">
         <path>D:\ti\ccsv6\tools\compiler\ti-cgt-arm_16.6.0.STS\lib\</path>
         <kind>archive</kind>
         <file>rtsv7M4_T_le_v4SPD16_eabi.lib</file>
         <name>fopen.obj</name>
      </input_file>
      <input_file id="fl-f8">
         <path>D:\ti\ccsv6\tools\compiler\ti-cgt-arm_16.6.0.STS\lib\</path>
         <kind>archive</kind>
         <file>rtsv7M4_T_le_v4SPD16_eabi.lib</file>
         <name>memory.obj</name>
      </input_file>
      <input_file id="fl-f9">
         <path>D:\ti\ccsv6\tools\compiler\ti-cgt-arm_16.6.0.STS\lib\</path>
         <kind>archive</kind>
         <file>rtsv7M4_T_le_v4SPD16_eabi.lib</file>
         <name>fclose.obj</name>
      </input_file>
      <input_file id="fl-fa">
         <path>D:\ti\ccsv6\tools\compiler\ti-cgt-arm_16.6.0.STS\lib\</path>
         <kind>archive</kind>
         <file>rtsv7M4_T_le_v4SPD16_eabi.lib</file>
         <name>remove.obj</name>
      </input_file>
   </input_file_list>
   <object_component_list>
      <object_component id="oc-2c">
         <name>.intvecs:retain</name>
         <load_address>0x0</load_address>
         <run_address>0x0</run_address>
         <size>0xe4</size>
         <input_file_ref idref="fl-a"/>
      </object_component>
      <object_component id="oc-174">
         <name>.text</name>
         <load_address>0xe4</load_address>
         <run_address>0xe4</run_address>
         <size>0x1142</size>
         <input_file_ref idref="fl-d3"/>
      </object_component>
      <object_component id="oc-56">
         <name>.text</name>
         <load_address>0x1226</load_address>
         <run_address>0x1226</run_address>
         <size>0x2</size>
         <input_file_ref idref="fl-ce"/>
      </object_component>
      <object_component id="oc-d7">
         <name>.text</name>
         <load_address>0x1228</load_address>
         <run_address>0x1228</run_address>
         <size>0x8e0</size>
         <input_file_ref idref="fl-2"/>
      </object_component>
      <object_component id="oc-dd">
         <name>.text</name>
         <load_address>0x1b08</load_address>
         <run_address>0x1b08</run_address>
         <size>0x480</size>
         <input_file_ref idref="fl-5"/>
      </object_component>
      <object_component id="oc-cb">
         <name>.text</name>
         <load_address>0x1f88</load_address>
         <run_address>0x1f88</run_address>
         <size>0x3f0</size>
         <input_file_ref idref="fl-6"/>
      </object_component>
      <object_component id="oc-2a5">
         <name>.text</name>
         <load_address>0x2378</load_address>
         <run_address>0x2378</run_address>
         <size>0x3d0</size>
         <input_file_ref idref="fl-f8"/>
      </object_component>
      <object_component id="oc-be">
         <name>.text</name>
         <load_address>0x2748</load_address>
         <run_address>0x2748</run_address>
         <size>0x32c</size>
         <input_file_ref idref="fl-c"/>
      </object_component>
      <object_component id="oc-2c2">
         <name>.text</name>
         <load_address>0x2a74</load_address>
         <run_address>0x2a74</run_address>
         <size>0x324</size>
         <input_file_ref idref="fl-ed"/>
      </object_component>
      <object_component id="oc-1c5">
         <name>.text</name>
         <load_address>0x2d98</load_address>
         <run_address>0x2d98</run_address>
         <size>0x30c</size>
         <input_file_ref idref="fl-e2"/>
      </object_component>
      <object_component id="oc-e9">
         <name>.text</name>
         <load_address>0x30a4</load_address>
         <run_address>0x30a4</run_address>
         <size>0x244</size>
         <input_file_ref idref="fl-b"/>
      </object_component>
      <object_component id="oc-1db">
         <name>.text</name>
         <load_address>0x32e8</load_address>
         <run_address>0x32e8</run_address>
         <size>0x1f4</size>
         <input_file_ref idref="fl-ef"/>
      </object_component>
      <object_component id="oc-2ab">
         <name>.text</name>
         <load_address>0x34dc</load_address>
         <run_address>0x34dc</run_address>
         <size>0x1c4</size>
         <input_file_ref idref="fl-f7"/>
      </object_component>
      <object_component id="oc-204">
         <name>.text</name>
         <load_address>0x36a0</load_address>
         <run_address>0x36a0</run_address>
         <size>0x1b6</size>
         <input_file_ref idref="fl-da"/>
      </object_component>
      <object_component id="oc-1ea">
         <name>.text</name>
         <load_address>0x3856</load_address>
         <run_address>0x3856</run_address>
         <size>0x136</size>
         <input_file_ref idref="fl-dc"/>
      </object_component>
      <object_component id="oc-16e">
         <name>.text</name>
         <load_address>0x398c</load_address>
         <run_address>0x398c</run_address>
         <size>0x134</size>
         <input_file_ref idref="fl-e0"/>
      </object_component>
      <object_component id="oc-7e">
         <name>.text</name>
         <load_address>0x3ac0</load_address>
         <run_address>0x3ac0</run_address>
         <size>0x100</size>
         <input_file_ref idref="fl-7"/>
      </object_component>
      <object_component id="oc-1e5">
         <name>.text</name>
         <load_address>0x3bc0</load_address>
         <run_address>0x3bc0</run_address>
         <size>0xfc</size>
         <input_file_ref idref="fl-dd"/>
      </object_component>
      <object_component id="oc-20f">
         <name>.text</name>
         <load_address>0x3cbc</load_address>
         <run_address>0x3cbc</run_address>
         <size>0xfc</size>
         <input_file_ref idref="fl-e7"/>
      </object_component>
      <object_component id="oc-249">
         <name>.text</name>
         <load_address>0x3db8</load_address>
         <run_address>0x3db8</run_address>
         <size>0xdc</size>
         <input_file_ref idref="fl-f5"/>
      </object_component>
      <object_component id="oc-c5">
         <name>.text</name>
         <load_address>0x3e94</load_address>
         <run_address>0x3e94</run_address>
         <size>0xd8</size>
         <input_file_ref idref="fl-d"/>
      </object_component>
      <object_component id="oc-e3">
         <name>.text</name>
         <load_address>0x3f6c</load_address>
         <run_address>0x3f6c</run_address>
         <size>0xcc</size>
         <input_file_ref idref="fl-8"/>
      </object_component>
      <object_component id="oc-1bf">
         <name>.text</name>
         <load_address>0x4038</load_address>
         <run_address>0x4038</run_address>
         <size>0xc8</size>
         <input_file_ref idref="fl-f2"/>
      </object_component>
      <object_component id="oc-d1">
         <name>.text</name>
         <load_address>0x4100</load_address>
         <run_address>0x4100</run_address>
         <size>0xc0</size>
         <input_file_ref idref="fl-4"/>
      </object_component>
      <object_component id="oc-1b9">
         <name>.text</name>
         <load_address>0x41c0</load_address>
         <run_address>0x41c0</run_address>
         <size>0xac</size>
         <input_file_ref idref="fl-f0"/>
      </object_component>
      <object_component id="oc-3e">
         <name>.text</name>
         <load_address>0x426c</load_address>
         <run_address>0x426c</run_address>
         <size>0x9c</size>
         <input_file_ref idref="fl-cc"/>
      </object_component>
      <object_component id="oc-2ed">
         <name>.text</name>
         <load_address>0x4308</load_address>
         <run_address>0x4308</run_address>
         <size>0x98</size>
         <input_file_ref idref="fl-f9"/>
      </object_component>
      <object_component id="oc-168">
         <name>.text</name>
         <load_address>0x43a0</load_address>
         <run_address>0x43a0</run_address>
         <size>0x98</size>
         <input_file_ref idref="fl-df"/>
      </object_component>
      <object_component id="oc-1e0">
         <name>.text:__aeabi_cdcmple</name>
         <load_address>0x4438</load_address>
         <run_address>0x4438</run_address>
         <size>0x86</size>
         <input_file_ref idref="fl-db"/>
      </object_component>
      <object_component id="oc-1ef">
         <name>.text:__aeabi_cdrcmple</name>
         <load_address>0x44be</load_address>
         <run_address>0x44be</run_address>
         <size>0x86</size>
         <input_file_ref idref="fl-db"/>
      </object_component>
      <object_component id="oc-4a">
         <name>.text</name>
         <load_address>0x4544</load_address>
         <run_address>0x4544</run_address>
         <size>0x7a</size>
         <input_file_ref idref="fl-cd"/>
      </object_component>
      <object_component id="oc-a9">
         <name>.text</name>
         <load_address>0x45be</load_address>
         <run_address>0x45be</run_address>
         <size>0x2</size>
         <input_file_ref idref="fl-e8"/>
      </object_component>
      <object_component id="oc-62">
         <name>.text</name>
         <load_address>0x45c0</load_address>
         <run_address>0x45c0</run_address>
         <size>0x70</size>
         <input_file_ref idref="fl-d6"/>
      </object_component>
      <object_component id="oc-ef">
         <name>.text</name>
         <load_address>0x4630</load_address>
         <run_address>0x4630</run_address>
         <size>0x70</size>
         <input_file_ref idref="fl-d0"/>
      </object_component>
      <object_component id="oc-2fc">
         <name>.text</name>
         <load_address>0x46a0</load_address>
         <run_address>0x46a0</run_address>
         <size>0x68</size>
         <input_file_ref idref="fl-ee"/>
      </object_component>
      <object_component id="oc-14">
         <name>.text:decompress:lzss</name>
         <load_address>0x4708</load_address>
         <run_address>0x4708</run_address>
         <size>0x66</size>
         <input_file_ref idref="fl-c8"/>
      </object_component>
      <object_component id="oc-243">
         <name>.text</name>
         <load_address>0x4770</load_address>
         <run_address>0x4770</run_address>
         <size>0x64</size>
         <input_file_ref idref="fl-f3"/>
      </object_component>
      <object_component id="oc-209">
         <name>.text</name>
         <load_address>0x47d4</load_address>
         <run_address>0x47d4</run_address>
         <size>0x64</size>
         <input_file_ref idref="fl-e6"/>
      </object_component>
      <object_component id="oc-1f9">
         <name>.text</name>
         <load_address>0x4838</load_address>
         <run_address>0x4838</run_address>
         <size>0x56</size>
         <input_file_ref idref="fl-e3"/>
      </object_component>
      <object_component id="oc-26">
         <name>.text</name>
         <load_address>0x4890</load_address>
         <run_address>0x4890</run_address>
         <size>0x54</size>
         <input_file_ref idref="fl-c7"/>
      </object_component>
      <object_component id="oc-6e">
         <name>.text</name>
         <load_address>0x48e4</load_address>
         <run_address>0x48e4</run_address>
         <size>0x54</size>
         <input_file_ref idref="fl-cb"/>
      </object_component>
      <object_component id="oc-21b">
         <name>.text</name>
         <load_address>0x4938</load_address>
         <run_address>0x4938</run_address>
         <size>0x4c</size>
         <input_file_ref idref="fl-d5"/>
      </object_component>
      <object_component id="oc-a3">
         <name>.text</name>
         <load_address>0x4984</load_address>
         <run_address>0x4984</run_address>
         <size>0x4c</size>
         <input_file_ref idref="fl-d7"/>
      </object_component>
      <object_component id="oc-1f4">
         <name>.text</name>
         <load_address>0x49d0</load_address>
         <run_address>0x49d0</run_address>
         <size>0x48</size>
         <input_file_ref idref="fl-de"/>
      </object_component>
      <object_component id="oc-13a">
         <name>.text</name>
         <load_address>0x4a18</load_address>
         <run_address>0x4a18</run_address>
         <size>0x3e</size>
         <input_file_ref idref="fl-3"/>
      </object_component>
      <object_component id="oc-25c">
         <name>.text</name>
         <load_address>0x4a56</load_address>
         <run_address>0x4a56</run_address>
         <size>0x36</size>
         <input_file_ref idref="fl-ec"/>
      </object_component>
      <object_component id="oc-1ff">
         <name>.text</name>
         <load_address>0x4a8c</load_address>
         <run_address>0x4a8c</run_address>
         <size>0x2e</size>
         <input_file_ref idref="fl-e1"/>
      </object_component>
      <object_component id="oc-1d3">
         <name>.text</name>
         <load_address>0x4aba</load_address>
         <run_address>0x4aba</run_address>
         <size>0x20</size>
         <input_file_ref idref="fl-e5"/>
      </object_component>
      <object_component id="oc-221">
         <name>.text</name>
         <load_address>0x4ada</load_address>
         <run_address>0x4ada</run_address>
         <size>0x1c</size>
         <input_file_ref idref="fl-e4"/>
      </object_component>
      <object_component id="oc-68">
         <name>.text</name>
         <load_address>0x4af8</load_address>
         <run_address>0x4af8</run_address>
         <size>0x18</size>
         <input_file_ref idref="fl-d4"/>
      </object_component>
      <object_component id="oc-256">
         <name>.text</name>
         <load_address>0x4b10</load_address>
         <run_address>0x4b10</run_address>
         <size>0x18</size>
         <input_file_ref idref="fl-ea"/>
      </object_component>
      <object_component id="oc-215">
         <name>.text</name>
         <load_address>0x4b28</load_address>
         <run_address>0x4b28</run_address>
         <size>0x16</size>
         <input_file_ref idref="fl-e9"/>
      </object_component>
      <object_component id="oc-128">
         <name>.text</name>
         <load_address>0x4b40</load_address>
         <run_address>0x4b40</run_address>
         <size>0x14</size>
         <input_file_ref idref="fl-d2"/>
      </object_component>
      <object_component id="oc-286">
         <name>.text</name>
         <load_address>0x4b54</load_address>
         <run_address>0x4b54</run_address>
         <size>0x14</size>
         <input_file_ref idref="fl-f4"/>
      </object_component>
      <object_component id="oc-302">
         <name>.text</name>
         <load_address>0x4b68</load_address>
         <run_address>0x4b68</run_address>
         <size>0x14</size>
         <input_file_ref idref="fl-f6"/>
      </object_component>
      <object_component id="oc-1cd">
         <name>.text</name>
         <load_address>0x4b7c</load_address>
         <run_address>0x4b7c</run_address>
         <size>0x14</size>
         <input_file_ref idref="fl-eb"/>
      </object_component>
      <object_component id="oc-1a">
         <name>.text:decompress:none</name>
         <load_address>0x4b90</load_address>
         <run_address>0x4b90</run_address>
         <size>0xe</size>
         <input_file_ref idref="fl-c9"/>
      </object_component>
      <object_component id="oc-78">
         <name>.text</name>
         <load_address>0x4b9e</load_address>
         <run_address>0x4b9e</run_address>
         <size>0xe</size>
         <input_file_ref idref="fl-a"/>
      </object_component>
      <object_component id="oc-20">
         <name>.text:decompress:ZI</name>
         <load_address>0x4bac</load_address>
         <run_address>0x4bac</run_address>
         <size>0xc</size>
         <input_file_ref idref="fl-ca"/>
      </object_component>
      <object_component id="oc-5c">
         <name>.text</name>
         <load_address>0x4bb8</load_address>
         <run_address>0x4bb8</run_address>
         <size>0x4</size>
         <input_file_ref idref="fl-cf"/>
      </object_component>
      <object_component id="oc-293">
         <name>.const:.string:_ctypes_</name>
         <load_address>0x4bbc</load_address>
         <run_address>0x4bbc</run_address>
         <size>0x101</size>
         <input_file_ref idref="fl-d8"/>
      </object_component>
      <object_component id="oc-158">
         <name>.const:_ctlRegs</name>
         <load_address>0x4cc0</load_address>
         <run_address>0x4cc0</run_address>
         <size>0x80</size>
         <input_file_ref idref="fl-2"/>
      </object_component>
      <object_component id="oc-146">
         <name>.const:g_pulRegs</name>
         <load_address>0x4d40</load_address>
         <run_address>0x4d40</run_address>
         <size>0x50</size>
         <input_file_ref idref="fl-6"/>
      </object_component>
      <object_component id="oc-143">
         <name>.const:g_pulPriority</name>
         <load_address>0x4d90</load_address>
         <run_address>0x4d90</run_address>
         <size>0x20</size>
         <input_file_ref idref="fl-6"/>
      </object_component>
      <object_component id="oc-160">
         <name>.const:GPIO_PORT_TO_INT</name>
         <load_address>0x4db0</load_address>
         <run_address>0x4db0</run_address>
         <size>0x1c</size>
         <input_file_ref idref="fl-5"/>
      </object_component>
      <object_component id="oc-14c">
         <name>.const:g_pulDisRegs</name>
         <load_address>0x4dcc</load_address>
         <run_address>0x4dcc</run_address>
         <size>0x8</size>
         <input_file_ref idref="fl-6"/>
      </object_component>
      <object_component id="oc-149">
         <name>.const:g_pulEnRegs</name>
         <load_address>0x4dd4</load_address>
         <run_address>0x4dd4</run_address>
         <size>0x8</size>
         <input_file_ref idref="fl-6"/>
      </object_component>
      <object_component id="oc-14f">
         <name>.const:g_pulPendRegs</name>
         <load_address>0x4ddc</load_address>
         <run_address>0x4ddc</run_address>
         <size>0x8</size>
         <input_file_ref idref="fl-6"/>
      </object_component>
      <object_component id="oc-152">
         <name>.const:g_pulUnpendRegs</name>
         <load_address>0x4de4</load_address>
         <run_address>0x4de4</run_address>
         <size>0x8</size>
         <input_file_ref idref="fl-6"/>
      </object_component>
      <object_component id="oc-356">
         <name>.cinit..data.load</name>
         <load_address>0x4df0</load_address>
         <run_address>0x4df0</run_address>
         <size>0x99</size>
      </object_component>
      <object_component id="oc-353">
         <name>__TI_handler_table</name>
         <load_address>0x4e8c</load_address>
         <run_address>0x4e8c</run_address>
         <size>0xc</size>
      </object_component>
      <object_component id="oc-357">
         <name>.cinit..bss.load</name>
         <load_address>0x4e98</load_address>
         <run_address>0x4e98</run_address>
         <size>0x8</size>
      </object_component>
      <object_component id="oc-355">
         <name>.cinit..vtable.load</name>
         <load_address>0x4ea0</load_address>
         <run_address>0x4ea0</run_address>
         <size>0x8</size>
      </object_component>
      <object_component id="oc-354">
         <name>__TI_cinit_table</name>
         <load_address>0x4ea8</load_address>
         <run_address>0x4ea8</run_address>
         <size>0x18</size>
      </object_component>
      <object_component id="oc-330">
         <name>.binit</name>
         <load_address>0x0</load_address>
         <run_address>0x0</run_address>
         <size>0x0</size>
      </object_component>
      <object_component id="oc-140">
         <name>.vtable</name>
         <uninitialized>true</uninitialized>
         <run_address>0x20000000</run_address>
         <size>0xe4</size>
         <input_file_ref idref="fl-6"/>
      </object_component>
      <object_component id="oc-15d">
         <name>.data:GPIO_PORT_TO_BASE</name>
         <load_address>0x200006a8</load_address>
         <run_address>0x200006a8</run_address>
         <size>0x30</size>
         <input_file_ref idref="fl-5"/>
      </object_component>
      <object_component id="oc-134">
         <name>.data</name>
         <load_address>0x20000714</load_address>
         <run_address>0x20000714</run_address>
         <size>0x4</size>
         <input_file_ref idref="fl-c"/>
      </object_component>
      <object_component id="oc-b3">
         <name>.data:$O1$$</name>
         <load_address>0x200006e8</load_address>
         <run_address>0x200006e8</run_address>
         <size>0xc</size>
         <input_file_ref idref="fl-cb"/>
      </object_component>
      <object_component id="oc-74">
         <name>.data</name>
         <load_address>0x20000710</load_address>
         <run_address>0x20000710</run_address>
         <size>0x4</size>
         <input_file_ref idref="fl-d1"/>
      </object_component>
      <object_component id="oc-b6">
         <name>.data:$O1$$</name>
         <load_address>0x20000700</load_address>
         <run_address>0x20000700</run_address>
         <size>0x8</size>
         <input_file_ref idref="fl-d2"/>
      </object_component>
      <object_component id="oc-17a">
         <name>.data:_ftable</name>
         <load_address>0x200004e8</load_address>
         <run_address>0x200004e8</run_address>
         <size>0xf0</size>
         <input_file_ref idref="fl-d9"/>
      </object_component>
      <object_component id="oc-251">
         <name>.data</name>
         <load_address>0x200006d8</load_address>
         <run_address>0x200006d8</run_address>
         <size>0x10</size>
         <input_file_ref idref="fl-d9"/>
      </object_component>
      <object_component id="oc-262">
         <name>.data:$O1$$</name>
         <load_address>0x200005d8</load_address>
         <run_address>0x200005d8</run_address>
         <size>0xd0</size>
         <input_file_ref idref="fl-e2"/>
      </object_component>
      <object_component id="oc-28c">
         <name>.data</name>
         <load_address>0x20000708</load_address>
         <run_address>0x20000708</run_address>
         <size>0x4</size>
         <input_file_ref idref="fl-f1"/>
      </object_component>
      <object_component id="oc-2f3">
         <name>.data</name>
         <load_address>0x2000070c</load_address>
         <run_address>0x2000070c</run_address>
         <size>0x4</size>
         <input_file_ref idref="fl-f7"/>
      </object_component>
      <object_component id="oc-2e9">
         <name>.data:$O1$$</name>
         <load_address>0x200006f4</load_address>
         <run_address>0x200006f4</run_address>
         <size>0xc</size>
         <input_file_ref idref="fl-f8"/>
      </object_component>
      <object_component id="oc-308">
         <name>.bss:parmbuf</name>
         <uninitialized>true</uninitialized>
         <run_address>0x200008d8</run_address>
         <size>0x8</size>
         <input_file_ref idref="fl-ed"/>
      </object_component>
      <object_component id="oc-31b">
         <name>.bss:_CIOBUF_</name>
         <uninitialized>true</uninitialized>
         <run_address>0x20000718</run_address>
         <size>0x120</size>
         <input_file_ref idref="fl-ee"/>
      </object_component>
      <object_component id="oc-316">
         <name>.common:__TI_tmpnams</name>
         <uninitialized>true</uninitialized>
         <run_address>0x20000838</run_address>
         <size>0xa0</size>
      </object_component>
      <object_component id="oc-30">
         <name>.sysmem</name>
         <uninitialized>true</uninitialized>
         <run_address>0x200000e8</run_address>
         <size>0x8</size>
         <input_file_ref idref="fl-f8"/>
      </object_component>
      <object_component id="oc-359">
         <name>.sysmem</name>
         <uninitialized>true</uninitialized>
         <run_address>0x200000e8</run_address>
         <size>0x0</size>
      </object_component>
      <object_component id="oc-2f">
         <name>.stack</name>
         <uninitialized>true</uninitialized>
         <run_address>0x2000fe00</run_address>
         <size>0x0</size>
         <input_file_ref idref="fl-c7"/>
      </object_component>
      <object_component id="oc-358">
         <name>.stack</name>
         <uninitialized>true</uninitialized>
         <run_address>0x2000fe00</run_address>
         <size>0x0</size>
      </object_component>
      <object_component id="oc-15c">
         <name>.debug_info</name>
         <load_address>0x0</load_address>
         <run_address>0x0</run_address>
         <size>0x4d4</size>
         <input_file_ref idref="fl-2"/>
      </object_component>
      <object_component id="oc-159">
         <name>.debug_info</name>
         <load_address>0x4d4</load_address>
         <run_address>0x4d4</run_address>
         <size>0xd6</size>
         <input_file_ref idref="fl-2"/>
      </object_component>
      <object_component id="oc-d8">
         <name>.debug_info</name>
         <load_address>0x5aa</load_address>
         <run_address>0x5aa</run_address>
         <size>0x1d29</size>
         <input_file_ref idref="fl-2"/>
      </object_component>
      <object_component id="oc-192">
         <name>.debug_info</name>
         <load_address>0x22d3</load_address>
         <run_address>0x22d3</run_address>
         <size>0x37a3</size>
         <input_file_ref idref="fl-2"/>
      </object_component>
      <object_component id="oc-197">
         <name>.debug_info</name>
         <load_address>0x5a76</load_address>
         <run_address>0x5a76</run_address>
         <size>0x103e</size>
         <input_file_ref idref="fl-2"/>
      </object_component>
      <object_component id="oc-f6">
         <name>.debug_info</name>
         <load_address>0x6ab4</load_address>
         <run_address>0x6ab4</run_address>
         <size>0x8b</size>
         <input_file_ref idref="fl-2"/>
      </object_component>
      <object_component id="oc-fb">
         <name>.debug_info</name>
         <load_address>0x6b3f</load_address>
         <run_address>0x6b3f</run_address>
         <size>0x18b</size>
         <input_file_ref idref="fl-2"/>
      </object_component>
      <object_component id="oc-13b">
         <name>.debug_info</name>
         <load_address>0x6cca</load_address>
         <run_address>0x6cca</run_address>
         <size>0x2b7</size>
         <input_file_ref idref="fl-3"/>
      </object_component>
      <object_component id="oc-39">
         <name>.debug_info</name>
         <load_address>0x6f81</load_address>
         <run_address>0x6f81</run_address>
         <size>0x84</size>
         <input_file_ref idref="fl-3"/>
      </object_component>
      <object_component id="oc-d2">
         <name>.debug_info</name>
         <load_address>0x7005</load_address>
         <run_address>0x7005</run_address>
         <size>0x457</size>
         <input_file_ref idref="fl-4"/>
      </object_component>
      <object_component id="oc-164">
         <name>.debug_info</name>
         <load_address>0x745c</load_address>
         <run_address>0x745c</run_address>
         <size>0x4cf</size>
         <input_file_ref idref="fl-5"/>
      </object_component>
      <object_component id="oc-161">
         <name>.debug_info</name>
         <load_address>0x792b</load_address>
         <run_address>0x792b</run_address>
         <size>0xe5</size>
         <input_file_ref idref="fl-5"/>
      </object_component>
      <object_component id="oc-15e">
         <name>.debug_info</name>
         <load_address>0x7a10</load_address>
         <run_address>0x7a10</run_address>
         <size>0xe7</size>
         <input_file_ref idref="fl-5"/>
      </object_component>
      <object_component id="oc-de">
         <name>.debug_info</name>
         <load_address>0x7af7</load_address>
         <run_address>0x7af7</run_address>
         <size>0x16a0</size>
         <input_file_ref idref="fl-5"/>
      </object_component>
      <object_component id="oc-156">
         <name>.debug_info</name>
         <load_address>0x9197</load_address>
         <run_address>0x9197</run_address>
         <size>0x45d</size>
         <input_file_ref idref="fl-6"/>
      </object_component>
      <object_component id="oc-144">
         <name>.debug_info</name>
         <load_address>0x95f4</load_address>
         <run_address>0x95f4</run_address>
         <size>0xe4</size>
         <input_file_ref idref="fl-6"/>
      </object_component>
      <object_component id="oc-147">
         <name>.debug_info</name>
         <load_address>0x96d8</load_address>
         <run_address>0x96d8</run_address>
         <size>0xdc</size>
         <input_file_ref idref="fl-6"/>
      </object_component>
      <object_component id="oc-14a">
         <name>.debug_info</name>
         <load_address>0x97b4</load_address>
         <run_address>0x97b4</run_address>
         <size>0xe0</size>
         <input_file_ref idref="fl-6"/>
      </object_component>
      <object_component id="oc-14d">
         <name>.debug_info</name>
         <load_address>0x9894</load_address>
         <run_address>0x9894</run_address>
         <size>0xe2</size>
         <input_file_ref idref="fl-6"/>
      </object_component>
      <object_component id="oc-150">
         <name>.debug_info</name>
         <load_address>0x9976</load_address>
         <run_address>0x9976</run_address>
         <size>0xe4</size>
         <input_file_ref idref="fl-6"/>
      </object_component>
      <object_component id="oc-153">
         <name>.debug_info</name>
         <load_address>0x9a5a</load_address>
         <run_address>0x9a5a</run_address>
         <size>0xe8</size>
         <input_file_ref idref="fl-6"/>
      </object_component>
      <object_component id="oc-141">
         <name>.debug_info</name>
         <load_address>0x9b42</load_address>
         <run_address>0x9b42</run_address>
         <size>0xe9</size>
         <input_file_ref idref="fl-6"/>
      </object_component>
      <object_component id="oc-cc">
         <name>.debug_info</name>
         <load_address>0x9c2b</load_address>
         <run_address>0x9c2b</run_address>
         <size>0xe44</size>
         <input_file_ref idref="fl-6"/>
      </object_component>
      <object_component id="oc-7f">
         <name>.debug_info</name>
         <load_address>0xaa6f</load_address>
         <run_address>0xaa6f</run_address>
         <size>0x4ab</size>
         <input_file_ref idref="fl-7"/>
      </object_component>
      <object_component id="oc-9a">
         <name>.debug_info</name>
         <load_address>0xaf1a</load_address>
         <run_address>0xaf1a</run_address>
         <size>0x2c</size>
         <input_file_ref idref="fl-7"/>
      </object_component>
      <object_component id="oc-e4">
         <name>.debug_info</name>
         <load_address>0xaf46</load_address>
         <run_address>0xaf46</run_address>
         <size>0x7c2</size>
         <input_file_ref idref="fl-8"/>
      </object_component>
      <object_component id="oc-86">
         <name>.debug_info</name>
         <load_address>0xb708</load_address>
         <run_address>0xb708</run_address>
         <size>0x121</size>
         <input_file_ref idref="fl-a"/>
      </object_component>
      <object_component id="oc-2d">
         <name>.debug_info</name>
         <load_address>0xb829</load_address>
         <run_address>0xb829</run_address>
         <size>0xf9</size>
         <input_file_ref idref="fl-a"/>
      </object_component>
      <object_component id="oc-79">
         <name>.debug_info</name>
         <load_address>0xb922</load_address>
         <run_address>0xb922</run_address>
         <size>0x1c0</size>
         <input_file_ref idref="fl-a"/>
      </object_component>
      <object_component id="oc-167">
         <name>.debug_info</name>
         <load_address>0xbae2</load_address>
         <run_address>0xbae2</run_address>
         <size>0x395</size>
         <input_file_ref idref="fl-b"/>
      </object_component>
      <object_component id="oc-ea">
         <name>.debug_info</name>
         <load_address>0xbe77</load_address>
         <run_address>0xbe77</run_address>
         <size>0xb97</size>
         <input_file_ref idref="fl-b"/>
      </object_component>
      <object_component id="oc-135">
         <name>.debug_info</name>
         <load_address>0xca0e</load_address>
         <run_address>0xca0e</run_address>
         <size>0xf2</size>
         <input_file_ref idref="fl-c"/>
      </object_component>
      <object_component id="oc-bf">
         <name>.debug_info</name>
         <load_address>0xcb00</load_address>
         <run_address>0xcb00</run_address>
         <size>0x264</size>
         <input_file_ref idref="fl-c"/>
      </object_component>
      <object_component id="oc-139">
         <name>.debug_info</name>
         <load_address>0xcd64</load_address>
         <run_address>0xcd64</run_address>
         <size>0x55d</size>
         <input_file_ref idref="fl-d"/>
      </object_component>
      <object_component id="oc-c6">
         <name>.debug_info</name>
         <load_address>0xd2c1</load_address>
         <run_address>0xd2c1</run_address>
         <size>0x721</size>
         <input_file_ref idref="fl-d"/>
      </object_component>
      <object_component id="oc-27">
         <name>.debug_info</name>
         <load_address>0xd9e2</load_address>
         <run_address>0xd9e2</run_address>
         <size>0x160</size>
         <input_file_ref idref="fl-c7"/>
      </object_component>
      <object_component id="oc-90">
         <name>.debug_info</name>
         <load_address>0xdb42</load_address>
         <run_address>0xdb42</run_address>
         <size>0xf9</size>
         <input_file_ref idref="fl-c8"/>
      </object_component>
      <object_component id="oc-16">
         <name>.debug_info</name>
         <load_address>0xdc3b</load_address>
         <run_address>0xdc3b</run_address>
         <size>0x245</size>
         <input_file_ref idref="fl-c8"/>
      </object_component>
      <object_component id="oc-34">
         <name>.debug_info</name>
         <load_address>0xde80</load_address>
         <run_address>0xde80</run_address>
         <size>0x60</size>
         <input_file_ref idref="fl-c8"/>
      </object_component>
      <object_component id="oc-8b">
         <name>.debug_info</name>
         <load_address>0xdee0</load_address>
         <run_address>0xdee0</run_address>
         <size>0x46</size>
         <input_file_ref idref="fl-c8"/>
      </object_component>
      <object_component id="oc-49">
         <name>.debug_info</name>
         <load_address>0xdf26</load_address>
         <run_address>0xdf26</run_address>
         <size>0x140</size>
         <input_file_ref idref="fl-c9"/>
      </object_component>
      <object_component id="oc-1e">
         <name>.debug_info</name>
         <load_address>0xe066</load_address>
         <run_address>0xe066</run_address>
         <size>0x1df</size>
         <input_file_ref idref="fl-c9"/>
      </object_component>
      <object_component id="oc-44">
         <name>.debug_info</name>
         <load_address>0xe245</load_address>
         <run_address>0xe245</run_address>
         <size>0x46</size>
         <input_file_ref idref="fl-c9"/>
      </object_component>
      <object_component id="oc-92">
         <name>.debug_info</name>
         <load_address>0xe28b</load_address>
         <run_address>0xe28b</run_address>
         <size>0x2c</size>
         <input_file_ref idref="fl-c9"/>
      </object_component>
      <object_component id="oc-55">
         <name>.debug_info</name>
         <load_address>0xe2b7</load_address>
         <run_address>0xe2b7</run_address>
         <size>0x12f</size>
         <input_file_ref idref="fl-ca"/>
      </object_component>
      <object_component id="oc-24">
         <name>.debug_info</name>
         <load_address>0xe3e6</load_address>
         <run_address>0xe3e6</run_address>
         <size>0x1aa</size>
         <input_file_ref idref="fl-ca"/>
      </object_component>
      <object_component id="oc-50">
         <name>.debug_info</name>
         <load_address>0xe590</load_address>
         <run_address>0xe590</run_address>
         <size>0x46</size>
         <input_file_ref idref="fl-ca"/>
      </object_component>
      <object_component id="oc-ba">
         <name>.debug_info</name>
         <load_address>0xe5d6</load_address>
         <run_address>0xe5d6</run_address>
         <size>0x234</size>
         <input_file_ref idref="fl-cb"/>
      </object_component>
      <object_component id="oc-b4">
         <name>.debug_info</name>
         <load_address>0xe80a</load_address>
         <run_address>0xe80a</run_address>
         <size>0x185</size>
         <input_file_ref idref="fl-cb"/>
      </object_component>
      <object_component id="oc-70">
         <name>.debug_info</name>
         <load_address>0xe98f</load_address>
         <run_address>0xe98f</run_address>
         <size>0x214</size>
         <input_file_ref idref="fl-cb"/>
      </object_component>
      <object_component id="oc-41">
         <name>.debug_info</name>
         <load_address>0xeba3</load_address>
         <run_address>0xeba3</run_address>
         <size>0x111</size>
         <input_file_ref idref="fl-cc"/>
      </object_component>
      <object_component id="oc-4c">
         <name>.debug_info</name>
         <load_address>0xecb4</load_address>
         <run_address>0xecb4</run_address>
         <size>0x13f</size>
         <input_file_ref idref="fl-cd"/>
      </object_component>
      <object_component id="oc-5a">
         <name>.debug_info</name>
         <load_address>0xedf3</load_address>
         <run_address>0xedf3</run_address>
         <size>0x138</size>
         <input_file_ref idref="fl-ce"/>
      </object_component>
      <object_component id="oc-5d">
         <name>.debug_info</name>
         <load_address>0xef2b</load_address>
         <run_address>0xef2b</run_address>
         <size>0x148</size>
         <input_file_ref idref="fl-cf"/>
      </object_component>
      <object_component id="oc-17e">
         <name>.debug_info</name>
         <load_address>0xf073</load_address>
         <run_address>0xf073</run_address>
         <size>0x22c</size>
         <input_file_ref idref="fl-d0"/>
      </object_component>
      <object_component id="oc-f3">
         <name>.debug_info</name>
         <load_address>0xf29f</load_address>
         <run_address>0xf29f</run_address>
         <size>0x284</size>
         <input_file_ref idref="fl-d0"/>
      </object_component>
      <object_component id="oc-23e">
         <name>.debug_info</name>
         <load_address>0xf523</load_address>
         <run_address>0xf523</run_address>
         <size>0xae</size>
         <input_file_ref idref="fl-d0"/>
      </object_component>
      <object_component id="oc-17f">
         <name>.debug_info</name>
         <load_address>0xf5d1</load_address>
         <run_address>0xf5d1</run_address>
         <size>0x4e</size>
         <input_file_ref idref="fl-d0"/>
      </object_component>
      <object_component id="oc-75">
         <name>.debug_info</name>
         <load_address>0xf61f</load_address>
         <run_address>0xf61f</run_address>
         <size>0x109</size>
         <input_file_ref idref="fl-d1"/>
      </object_component>
      <object_component id="oc-130">
         <name>.debug_info</name>
         <load_address>0xf728</load_address>
         <run_address>0xf728</run_address>
         <size>0x124</size>
         <input_file_ref idref="fl-d2"/>
      </object_component>
      <object_component id="oc-b7">
         <name>.debug_info</name>
         <load_address>0xf84c</load_address>
         <run_address>0xf84c</run_address>
         <size>0x113</size>
         <input_file_ref idref="fl-d2"/>
      </object_component>
      <object_component id="oc-129">
         <name>.debug_info</name>
         <load_address>0xf95f</load_address>
         <run_address>0xf95f</run_address>
         <size>0x21f</size>
         <input_file_ref idref="fl-d2"/>
      </object_component>
      <object_component id="oc-228">
         <name>.debug_info</name>
         <load_address>0xfb7e</load_address>
         <run_address>0xfb7e</run_address>
         <size>0x385</size>
         <input_file_ref idref="fl-d3"/>
      </object_component>
      <object_component id="oc-175">
         <name>.debug_info</name>
         <load_address>0xff03</load_address>
         <run_address>0xff03</run_address>
         <size>0x1543</size>
         <input_file_ref idref="fl-d3"/>
      </object_component>
      <object_component id="oc-22e">
         <name>.debug_info</name>
         <load_address>0x11446</load_address>
         <run_address>0x11446</run_address>
         <size>0x86</size>
         <input_file_ref idref="fl-d3"/>
      </object_component>
      <object_component id="oc-233">
         <name>.debug_info</name>
         <load_address>0x114cc</load_address>
         <run_address>0x114cc</run_address>
         <size>0x2c</size>
         <input_file_ref idref="fl-d3"/>
      </object_component>
      <object_component id="oc-29c">
         <name>.debug_info</name>
         <load_address>0x114f8</load_address>
         <run_address>0x114f8</run_address>
         <size>0x46</size>
         <input_file_ref idref="fl-d3"/>
      </object_component>
      <object_component id="oc-229">
         <name>.debug_info</name>
         <load_address>0x1153e</load_address>
         <run_address>0x1153e</run_address>
         <size>0x39</size>
         <input_file_ref idref="fl-d3"/>
      </object_component>
      <object_component id="oc-b2">
         <name>.debug_info</name>
         <load_address>0x11577</load_address>
         <run_address>0x11577</run_address>
         <size>0x166</size>
         <input_file_ref idref="fl-d4"/>
      </object_component>
      <object_component id="oc-69">
         <name>.debug_info</name>
         <load_address>0x116dd</load_address>
         <run_address>0x116dd</run_address>
         <size>0x167</size>
         <input_file_ref idref="fl-d4"/>
      </object_component>
      <object_component id="oc-121">
         <name>.debug_info</name>
         <load_address>0x11844</load_address>
         <run_address>0x11844</run_address>
         <size>0x5e</size>
         <input_file_ref idref="fl-d4"/>
      </object_component>
      <object_component id="oc-297">
         <name>.debug_info</name>
         <load_address>0x118a2</load_address>
         <run_address>0x118a2</run_address>
         <size>0x114</size>
         <input_file_ref idref="fl-d5"/>
      </object_component>
      <object_component id="oc-21c">
         <name>.debug_info</name>
         <load_address>0x119b6</load_address>
         <run_address>0x119b6</run_address>
         <size>0x171</size>
         <input_file_ref idref="fl-d5"/>
      </object_component>
      <object_component id="oc-b0">
         <name>.debug_info</name>
         <load_address>0x11b27</load_address>
         <run_address>0x11b27</run_address>
         <size>0x2e9</size>
         <input_file_ref idref="fl-d6"/>
      </object_component>
      <object_component id="oc-63">
         <name>.debug_info</name>
         <load_address>0x11e10</load_address>
         <run_address>0x11e10</run_address>
         <size>0x190</size>
         <input_file_ref idref="fl-d6"/>
      </object_component>
      <object_component id="oc-115">
         <name>.debug_info</name>
         <load_address>0x11fa0</load_address>
         <run_address>0x11fa0</run_address>
         <size>0x39</size>
         <input_file_ref idref="fl-d6"/>
      </object_component>
      <object_component id="oc-11a">
         <name>.debug_info</name>
         <load_address>0x11fd9</load_address>
         <run_address>0x11fd9</run_address>
         <size>0xcd</size>
         <input_file_ref idref="fl-d6"/>
      </object_component>
      <object_component id="oc-111">
         <name>.debug_info</name>
         <load_address>0x120a6</load_address>
         <run_address>0x120a6</run_address>
         <size>0x1e0</size>
         <input_file_ref idref="fl-d7"/>
      </object_component>
      <object_component id="oc-a5">
         <name>.debug_info</name>
         <load_address>0x12286</load_address>
         <run_address>0x12286</run_address>
         <size>0x183</size>
         <input_file_ref idref="fl-d7"/>
      </object_component>
      <object_component id="oc-186">
         <name>.debug_info</name>
         <load_address>0x12409</load_address>
         <run_address>0x12409</run_address>
         <size>0x2c</size>
         <input_file_ref idref="fl-d7"/>
      </object_component>
      <object_component id="oc-2e2">
         <name>.debug_info</name>
         <load_address>0x12435</load_address>
         <run_address>0x12435</run_address>
         <size>0xee</size>
         <input_file_ref idref="fl-d8"/>
      </object_component>
      <object_component id="oc-294">
         <name>.debug_info</name>
         <load_address>0x12523</load_address>
         <run_address>0x12523</run_address>
         <size>0xfa</size>
         <input_file_ref idref="fl-d8"/>
      </object_component>
      <object_component id="oc-23a">
         <name>.debug_info</name>
         <load_address>0x1261d</load_address>
         <run_address>0x1261d</run_address>
         <size>0x139</size>
         <input_file_ref idref="fl-d9"/>
      </object_component>
      <object_component id="oc-17b">
         <name>.debug_info</name>
         <load_address>0x12756</load_address>
         <run_address>0x12756</run_address>
         <size>0xf7</size>
         <input_file_ref idref="fl-d9"/>
      </object_component>
      <object_component id="oc-252">
         <name>.debug_info</name>
         <load_address>0x1284d</load_address>
         <run_address>0x1284d</run_address>
         <size>0x184</size>
         <input_file_ref idref="fl-d9"/>
      </object_component>
      <object_component id="oc-206">
         <name>.debug_info</name>
         <load_address>0x129d1</load_address>
         <run_address>0x129d1</run_address>
         <size>0x144</size>
         <input_file_ref idref="fl-da"/>
      </object_component>
      <object_component id="oc-1e1">
         <name>.debug_info</name>
         <load_address>0x12b15</load_address>
         <run_address>0x12b15</run_address>
         <size>0x120</size>
         <input_file_ref idref="fl-db"/>
      </object_component>
      <object_component id="oc-1f0">
         <name>.debug_info</name>
         <load_address>0x12c35</load_address>
         <run_address>0x12c35</run_address>
         <size>0x122</size>
         <input_file_ref idref="fl-db"/>
      </object_component>
      <object_component id="oc-1eb">
         <name>.debug_info</name>
         <load_address>0x12d57</load_address>
         <run_address>0x12d57</run_address>
         <size>0x132</size>
         <input_file_ref idref="fl-dc"/>
      </object_component>
      <object_component id="oc-1e6">
         <name>.debug_info</name>
         <load_address>0x12e89</load_address>
         <run_address>0x12e89</run_address>
         <size>0x132</size>
         <input_file_ref idref="fl-dd"/>
      </object_component>
      <object_component id="oc-1f5">
         <name>.debug_info</name>
         <load_address>0x12fbb</load_address>
         <run_address>0x12fbb</run_address>
         <size>0x126</size>
         <input_file_ref idref="fl-de"/>
      </object_component>
      <object_component id="oc-1cc">
         <name>.debug_info</name>
         <load_address>0x130e1</load_address>
         <run_address>0x130e1</run_address>
         <size>0x1de</size>
         <input_file_ref idref="fl-df"/>
      </object_component>
      <object_component id="oc-169">
         <name>.debug_info</name>
         <load_address>0x132bf</load_address>
         <run_address>0x132bf</run_address>
         <size>0x23f</size>
         <input_file_ref idref="fl-df"/>
      </object_component>
      <object_component id="oc-1da">
         <name>.debug_info</name>
         <load_address>0x134fe</load_address>
         <run_address>0x134fe</run_address>
         <size>0x2a2</size>
         <input_file_ref idref="fl-e0"/>
      </object_component>
      <object_component id="oc-16f">
         <name>.debug_info</name>
         <load_address>0x137a0</load_address>
         <run_address>0x137a0</run_address>
         <size>0x359</size>
         <input_file_ref idref="fl-e0"/>
      </object_component>
      <object_component id="oc-201">
         <name>.debug_info</name>
         <load_address>0x13af9</load_address>
         <run_address>0x13af9</run_address>
         <size>0x124</size>
         <input_file_ref idref="fl-e1"/>
      </object_component>
      <object_component id="oc-266">
         <name>.debug_info</name>
         <load_address>0x13c1d</load_address>
         <run_address>0x13c1d</run_address>
         <size>0x4a0</size>
         <input_file_ref idref="fl-e2"/>
      </object_component>
      <object_component id="oc-263">
         <name>.debug_info</name>
         <load_address>0x140bd</load_address>
         <run_address>0x140bd</run_address>
         <size>0x116</size>
         <input_file_ref idref="fl-e2"/>
      </object_component>
      <object_component id="oc-1c6">
         <name>.debug_info</name>
         <load_address>0x141d3</load_address>
         <run_address>0x141d3</run_address>
         <size>0xb0b</size>
         <input_file_ref idref="fl-e2"/>
      </object_component>
      <object_component id="oc-2cc">
         <name>.debug_info</name>
         <load_address>0x14cde</load_address>
         <run_address>0x14cde</run_address>
         <size>0x120</size>
         <input_file_ref idref="fl-e2"/>
      </object_component>
      <object_component id="oc-268">
         <name>.debug_info</name>
         <load_address>0x14dfe</load_address>
         <run_address>0x14dfe</run_address>
         <size>0x2c</size>
         <input_file_ref idref="fl-e2"/>
      </object_component>
      <object_component id="oc-27c">
         <name>.debug_info</name>
         <load_address>0x14e2a</load_address>
         <run_address>0x14e2a</run_address>
         <size>0x14c</size>
         <input_file_ref idref="fl-e3"/>
      </object_component>
      <object_component id="oc-1fa">
         <name>.debug_info</name>
         <load_address>0x14f76</load_address>
         <run_address>0x14f76</run_address>
         <size>0x1c2</size>
         <input_file_ref idref="fl-e3"/>
      </object_component>
      <object_component id="oc-299">
         <name>.debug_info</name>
         <load_address>0x15138</load_address>
         <run_address>0x15138</run_address>
         <size>0xf1</size>
         <input_file_ref idref="fl-e4"/>
      </object_component>
      <object_component id="oc-225">
         <name>.debug_info</name>
         <load_address>0x15229</load_address>
         <run_address>0x15229</run_address>
         <size>0x1ab</size>
         <input_file_ref idref="fl-e4"/>
      </object_component>
      <object_component id="oc-272">
         <name>.debug_info</name>
         <load_address>0x153d4</load_address>
         <run_address>0x153d4</run_address>
         <size>0x100</size>
         <input_file_ref idref="fl-e5"/>
      </object_component>
      <object_component id="oc-1d4">
         <name>.debug_info</name>
         <load_address>0x154d4</load_address>
         <run_address>0x154d4</run_address>
         <size>0x242</size>
         <input_file_ref idref="fl-e5"/>
      </object_component>
      <object_component id="oc-280">
         <name>.debug_info</name>
         <load_address>0x15716</load_address>
         <run_address>0x15716</run_address>
         <size>0x13f</size>
         <input_file_ref idref="fl-e6"/>
      </object_component>
      <object_component id="oc-20a">
         <name>.debug_info</name>
         <load_address>0x15855</load_address>
         <run_address>0x15855</run_address>
         <size>0x18a</size>
         <input_file_ref idref="fl-e6"/>
      </object_component>
      <object_component id="oc-281">
         <name>.debug_info</name>
         <load_address>0x159df</load_address>
         <run_address>0x159df</run_address>
         <size>0x2c</size>
         <input_file_ref idref="fl-e6"/>
      </object_component>
      <object_component id="oc-290">
         <name>.debug_info</name>
         <load_address>0x15a0b</load_address>
         <run_address>0x15a0b</run_address>
         <size>0x17c</size>
         <input_file_ref idref="fl-e7"/>
      </object_component>
      <object_component id="oc-210">
         <name>.debug_info</name>
         <load_address>0x15b87</load_address>
         <run_address>0x15b87</run_address>
         <size>0x1d5</size>
         <input_file_ref idref="fl-e7"/>
      </object_component>
      <object_component id="oc-ab">
         <name>.debug_info</name>
         <load_address>0x15d5c</load_address>
         <run_address>0x15d5c</run_address>
         <size>0x145</size>
         <input_file_ref idref="fl-e8"/>
      </object_component>
      <object_component id="oc-292">
         <name>.debug_info</name>
         <load_address>0x15ea1</load_address>
         <run_address>0x15ea1</run_address>
         <size>0xf5</size>
         <input_file_ref idref="fl-e9"/>
      </object_component>
      <object_component id="oc-216">
         <name>.debug_info</name>
         <load_address>0x15f96</load_address>
         <run_address>0x15f96</run_address>
         <size>0x244</size>
         <input_file_ref idref="fl-e9"/>
      </object_component>
      <object_component id="oc-2bf">
         <name>.debug_info</name>
         <load_address>0x161da</load_address>
         <run_address>0x161da</run_address>
         <size>0xe5</size>
         <input_file_ref idref="fl-ea"/>
      </object_component>
      <object_component id="oc-257">
         <name>.debug_info</name>
         <load_address>0x162bf</load_address>
         <run_address>0x162bf</run_address>
         <size>0x258</size>
         <input_file_ref idref="fl-ea"/>
      </object_component>
      <object_component id="oc-270">
         <name>.debug_info</name>
         <load_address>0x16517</load_address>
         <run_address>0x16517</run_address>
         <size>0xea</size>
         <input_file_ref idref="fl-eb"/>
      </object_component>
      <object_component id="oc-1ce">
         <name>.debug_info</name>
         <load_address>0x16601</load_address>
         <run_address>0x16601</run_address>
         <size>0x22a</size>
         <input_file_ref idref="fl-eb"/>
      </object_component>
      <object_component id="oc-2c1">
         <name>.debug_info</name>
         <load_address>0x1682b</load_address>
         <run_address>0x1682b</run_address>
         <size>0xf6</size>
         <input_file_ref idref="fl-ec"/>
      </object_component>
      <object_component id="oc-25d">
         <name>.debug_info</name>
         <load_address>0x16921</load_address>
         <run_address>0x16921</run_address>
         <size>0x259</size>
         <input_file_ref idref="fl-ec"/>
      </object_component>
      <object_component id="oc-30c">
         <name>.debug_info</name>
         <load_address>0x16b7a</load_address>
         <run_address>0x16b7a</run_address>
         <size>0x24f</size>
         <input_file_ref idref="fl-ed"/>
      </object_component>
      <object_component id="oc-309">
         <name>.debug_info</name>
         <load_address>0x16dc9</load_address>
         <run_address>0x16dc9</run_address>
         <size>0xf8</size>
         <input_file_ref idref="fl-ed"/>
      </object_component>
      <object_component id="oc-2c3">
         <name>.debug_info</name>
         <load_address>0x16ec1</load_address>
         <run_address>0x16ec1</run_address>
         <size>0xab9</size>
         <input_file_ref idref="fl-ed"/>
      </object_component>
      <object_component id="oc-30d">
         <name>.debug_info</name>
         <load_address>0x1797a</load_address>
         <run_address>0x1797a</run_address>
         <size>0x53</size>
         <input_file_ref idref="fl-ed"/>
      </object_component>
      <object_component id="oc-31f">
         <name>.debug_info</name>
         <load_address>0x179cd</load_address>
         <run_address>0x179cd</run_address>
         <size>0x116</size>
         <input_file_ref idref="fl-ee"/>
      </object_component>
      <object_component id="oc-31c">
         <name>.debug_info</name>
         <load_address>0x17ae3</load_address>
         <run_address>0x17ae3</run_address>
         <size>0xfd</size>
         <input_file_ref idref="fl-ee"/>
      </object_component>
      <object_component id="oc-300">
         <name>.debug_info</name>
         <load_address>0x17be0</load_address>
         <run_address>0x17be0</run_address>
         <size>0x281</size>
         <input_file_ref idref="fl-ee"/>
      </object_component>
      <object_component id="oc-1dc">
         <name>.debug_info</name>
         <load_address>0x17e61</load_address>
         <run_address>0x17e61</run_address>
         <size>0x17d</size>
         <input_file_ref idref="fl-ef"/>
      </object_component>
      <object_component id="oc-250">
         <name>.debug_info</name>
         <load_address>0x17fde</load_address>
         <run_address>0x17fde</run_address>
         <size>0x151</size>
         <input_file_ref idref="fl-f0"/>
      </object_component>
      <object_component id="oc-1ba">
         <name>.debug_info</name>
         <load_address>0x1812f</load_address>
         <run_address>0x1812f</run_address>
         <size>0x230</size>
         <input_file_ref idref="fl-f0"/>
      </object_component>
      <object_component id="oc-2b3">
         <name>.debug_info</name>
         <load_address>0x1835f</load_address>
         <run_address>0x1835f</run_address>
         <size>0xbb</size>
         <input_file_ref idref="fl-f0"/>
      </object_component>
      <object_component id="oc-28d">
         <name>.debug_info</name>
         <load_address>0x1841a</load_address>
         <run_address>0x1841a</run_address>
         <size>0xf3</size>
         <input_file_ref idref="fl-f1"/>
      </object_component>
      <object_component id="oc-255">
         <name>.debug_info</name>
         <load_address>0x1850d</load_address>
         <run_address>0x1850d</run_address>
         <size>0x1a2</size>
         <input_file_ref idref="fl-f2"/>
      </object_component>
      <object_component id="oc-1c0">
         <name>.debug_info</name>
         <load_address>0x186af</load_address>
         <run_address>0x186af</run_address>
         <size>0x25a</size>
         <input_file_ref idref="fl-f2"/>
      </object_component>
      <object_component id="oc-2a4">
         <name>.debug_info</name>
         <load_address>0x18909</load_address>
         <run_address>0x18909</run_address>
         <size>0x17f</size>
         <input_file_ref idref="fl-f3"/>
      </object_component>
      <object_component id="oc-244">
         <name>.debug_info</name>
         <load_address>0x18a88</load_address>
         <run_address>0x18a88</run_address>
         <size>0x1e1</size>
         <input_file_ref idref="fl-f3"/>
      </object_component>
      <object_component id="oc-289">
         <name>.debug_info</name>
         <load_address>0x18c69</load_address>
         <run_address>0x18c69</run_address>
         <size>0x156</size>
         <input_file_ref idref="fl-f4"/>
      </object_component>
      <object_component id="oc-2b2">
         <name>.debug_info</name>
         <load_address>0x18dbf</load_address>
         <run_address>0x18dbf</run_address>
         <size>0x1c0</size>
         <input_file_ref idref="fl-f5"/>
      </object_component>
      <object_component id="oc-24a">
         <name>.debug_info</name>
         <load_address>0x18f7f</load_address>
         <run_address>0x18f7f</run_address>
         <size>0x200</size>
         <input_file_ref idref="fl-f5"/>
      </object_component>
      <object_component id="oc-321">
         <name>.debug_info</name>
         <load_address>0x1917f</load_address>
         <run_address>0x1917f</run_address>
         <size>0xf0</size>
         <input_file_ref idref="fl-f6"/>
      </object_component>
      <object_component id="oc-304">
         <name>.debug_info</name>
         <load_address>0x1926f</load_address>
         <run_address>0x1926f</run_address>
         <size>0x231</size>
         <input_file_ref idref="fl-f6"/>
      </object_component>
      <object_component id="oc-2f5">
         <name>.debug_info</name>
         <load_address>0x194a0</load_address>
         <run_address>0x194a0</run_address>
         <size>0x23c</size>
         <input_file_ref idref="fl-f7"/>
      </object_component>
      <object_component id="oc-2ac">
         <name>.debug_info</name>
         <load_address>0x196dc</load_address>
         <run_address>0x196dc</run_address>
         <size>0x455</size>
         <input_file_ref idref="fl-f7"/>
      </object_component>
      <object_component id="oc-104">
         <name>.debug_info</name>
         <load_address>0x19b31</load_address>
         <run_address>0x19b31</run_address>
         <size>0x2c</size>
         <input_file_ref idref="fl-f7"/>
      </object_component>
      <object_component id="oc-89">
         <name>.debug_info</name>
         <load_address>0x19b5d</load_address>
         <run_address>0x19b5d</run_address>
         <size>0x222</size>
         <input_file_ref idref="fl-f8"/>
      </object_component>
      <object_component id="oc-31">
         <name>.debug_info</name>
         <load_address>0x19d7f</load_address>
         <run_address>0x19d7f</run_address>
         <size>0x101</size>
         <input_file_ref idref="fl-f8"/>
      </object_component>
      <object_component id="oc-2ea">
         <name>.debug_info</name>
         <load_address>0x19e80</load_address>
         <run_address>0x19e80</run_address>
         <size>0x14c</size>
         <input_file_ref idref="fl-f8"/>
      </object_component>
      <object_component id="oc-2a6">
         <name>.debug_info</name>
         <load_address>0x19fcc</load_address>
         <run_address>0x19fcc</run_address>
         <size>0x885</size>
         <input_file_ref idref="fl-f8"/>
      </object_component>
      <object_component id="oc-109">
         <name>.debug_info</name>
         <load_address>0x1a851</load_address>
         <run_address>0x1a851</run_address>
         <size>0x62</size>
         <input_file_ref idref="fl-f8"/>
      </object_component>
      <object_component id="oc-318">
         <name>.debug_info</name>
         <load_address>0x1a8b3</load_address>
         <run_address>0x1a8b3</run_address>
         <size>0x200</size>
         <input_file_ref idref="fl-f9"/>
      </object_component>
      <object_component id="oc-2ee">
         <name>.debug_info</name>
         <load_address>0x1aab3</load_address>
         <run_address>0x1aab3</run_address>
         <size>0x298</size>
         <input_file_ref idref="fl-f9"/>
      </object_component>
      <object_component id="oc-35a">
         <name>.debug_info</name>
         <load_address>0x1ad4b</load_address>
         <run_address>0x1ad4b</run_address>
         <size>0xa8</size>
      </object_component>
      <object_component id="oc-1b0">
         <name>.debug_line</name>
         <load_address>0x0</load_address>
         <run_address>0x0</run_address>
         <size>0x32</size>
         <input_file_ref idref="fl-2"/>
      </object_component>
      <object_component id="oc-1ae">
         <name>.debug_line</name>
         <load_address>0x32</load_address>
         <run_address>0x32</run_address>
         <size>0x2e</size>
         <input_file_ref idref="fl-2"/>
      </object_component>
      <object_component id="oc-db">
         <name>.debug_line</name>
         <load_address>0x60</load_address>
         <run_address>0x60</run_address>
         <size>0x653</size>
         <input_file_ref idref="fl-2"/>
      </object_component>
      <object_component id="oc-195">
         <name>.debug_line</name>
         <load_address>0x6b3</load_address>
         <run_address>0x6b3</run_address>
         <size>0x52</size>
         <input_file_ref idref="fl-2"/>
      </object_component>
      <object_component id="oc-19a">
         <name>.debug_line</name>
         <load_address>0x705</load_address>
         <run_address>0x705</run_address>
         <size>0x55</size>
         <input_file_ref idref="fl-2"/>
      </object_component>
      <object_component id="oc-f9">
         <name>.debug_line</name>
         <load_address>0x75a</load_address>
         <run_address>0x75a</run_address>
         <size>0x20</size>
         <input_file_ref idref="fl-2"/>
      </object_component>
      <object_component id="oc-fe">
         <name>.debug_line</name>
         <load_address>0x77a</load_address>
         <run_address>0x77a</run_address>
         <size>0x65</size>
         <input_file_ref idref="fl-2"/>
      </object_component>
      <object_component id="oc-13e">
         <name>.debug_line</name>
         <load_address>0x7df</load_address>
         <run_address>0x7df</run_address>
         <size>0xcf</size>
         <input_file_ref idref="fl-3"/>
      </object_component>
      <object_component id="oc-3c">
         <name>.debug_line</name>
         <load_address>0x8ae</load_address>
         <run_address>0x8ae</run_address>
         <size>0x20</size>
         <input_file_ref idref="fl-3"/>
      </object_component>
      <object_component id="oc-d5">
         <name>.debug_line</name>
         <load_address>0x8ce</load_address>
         <run_address>0x8ce</run_address>
         <size>0x119</size>
         <input_file_ref idref="fl-4"/>
      </object_component>
      <object_component id="oc-1b6">
         <name>.debug_line</name>
         <load_address>0x9e7</load_address>
         <run_address>0x9e7</run_address>
         <size>0x32</size>
         <input_file_ref idref="fl-5"/>
      </object_component>
[...]
         <name>_unlock</name>
         <value>0x20000704</value>
         <object_component_ref idref="oc-b6"/>
      </symbol>
      <symbol id="sm-489">
         <name>_register_lock</name>
         <value>0x4b47</value>
         <object_component_ref idref="oc-128"/>
      </symbol>
      <symbol id="sm-48a">
         <name>_register_unlock</name>
         <value>0x4b41</value>
         <object_component_ref idref="oc-128"/>
      </symbol>
      <symbol id="sm-590">
         <name>__TI_printfi</name>
         <value>0x92d</value>
         <object_component_ref idref="oc-174"/>
      </symbol>
      <symbol id="sm-5a4">
         <name>_args_main</name>
         <value>0x4af9</value>
         <object_component_ref idref="oc-68"/>
      </symbol>
      <symbol id="sm-5ba">
         <name>atoi</name>
         <value>0x4939</value>
         <object_component_ref idref="oc-21b"/>
      </symbol>
      <symbol id="sm-5df">
         <name>__TI_auto_init</name>
         <value>0x45c1</value>
         <object_component_ref idref="oc-62"/>
      </symbol>
      <symbol id="sm-5f9">
         <name>copy_in</name>
         <value>0x4985</value>
         <object_component_ref idref="oc-a3"/>
      </symbol>
      <symbol id="sm-604">
         <name>_ctypes_</name>
         <value>0x4bbc</value>
         <object_component_ref idref="oc-293"/>
      </symbol>
      <symbol id="sm-619">
         <name>__TI_tmpnams</name>
         <value>0x20000838</value>
      </symbol>
      <symbol id="sm-61a">
         <name>__aeabi_stdout</name>
         <value>0x200006e0</value>
         <object_component_ref idref="oc-251"/>
      </symbol>
      <symbol id="sm-61b">
         <name>__aeabi_stderr</name>
         <value>0x200006e4</value>
         <object_component_ref idref="oc-251"/>
      </symbol>
      <symbol id="sm-61c">
         <name>__aeabi_stdin</name>
         <value>0x200006dc</value>
         <object_component_ref idref="oc-251"/>
      </symbol>
      <symbol id="sm-61d">
         <name>_ftable</name>
         <value>0x200004e8</value>
         <object_component_ref idref="oc-17a"/>
      </symbol>
      <symbol id="sm-61e">
         <name>__TI_ft_end</name>
         <value>0x200006d8</value>
         <object_component_ref idref="oc-251"/>
      </symbol>
      <symbol id="sm-635">
         <name>__aeabi_dsub</name>
         <value>0x36a1</value>
         <object_component_ref idref="oc-204"/>
      </symbol>
      <symbol id="sm-636">
         <name>__aeabi_dadd</name>
         <value>0x36ab</value>
         <object_component_ref idref="oc-204"/>
      </symbol>
      <symbol id="sm-658">
         <name>__aeabi_cdcmpeq</name>
         <value>0x4439</value>
         <object_component_ref idref="oc-1e0"/>
      </symbol>
      <symbol id="sm-659">
         <name>__aeabi_cdcmple</name>
         <value>0x4439</value>
         <object_component_ref idref="oc-1e0"/>
      </symbol>
      <symbol id="sm-65a">
         <name>__aeabi_cdrcmple</name>
         <value>0x44bf</value>
         <object_component_ref idref="oc-1ef"/>
      </symbol>
      <symbol id="sm-66e">
         <name>__aeabi_ddiv</name>
         <value>0x3857</value>
         <object_component_ref idref="oc-1ea"/>
      </symbol>
      <symbol id="sm-679">
         <name>__aeabi_dmul</name>
         <value>0x3bc1</value>
         <object_component_ref idref="oc-1e5"/>
      </symbol>
      <symbol id="sm-683">
         <name>__aeabi_d2iz</name>
         <value>0x49d1</value>
         <object_component_ref idref="oc-1f4"/>
      </symbol>
      <symbol id="sm-69a">
         <name>putc</name>
         <value>0x43a1</value>
         <object_component_ref idref="oc-168"/>
      </symbol>
      <symbol id="sm-69b">
         <name>fputc</name>
         <value>0x43a1</value>
         <object_component_ref idref="oc-168"/>
      </symbol>
      <symbol id="sm-69c">
         <name>putchar</name>
         <value>0x4425</value>
         <object_component_ref idref="oc-168"/>
      </symbol>
      <symbol id="sm-6be">
         <name>puts</name>
         <value>0x3a99</value>
         <object_component_ref idref="oc-16e"/>
      </symbol>
      <symbol id="sm-6bf">
         <name>fputs</name>
         <value>0x398d</value>
         <object_component_ref idref="oc-16e"/>
      </symbol>
      <symbol id="sm-6c9">
         <name>__aeabi_i2d</name>
         <value>0x4a8d</value>
         <object_component_ref idref="oc-1ff"/>
      </symbol>
      <symbol id="sm-717">
         <name>open</name>
         <value>0x2ed7</value>
         <object_component_ref idref="oc-1c5"/>
      </symbol>
      <symbol id="sm-718">
         <name>add_device</name>
         <value>0x2ff9</value>
         <object_component_ref idref="oc-1c5"/>
      </symbol>
      <symbol id="sm-719">
         <name>remove_device</name>
         <value>0x2e8b</value>
         <object_component_ref idref="oc-1c5"/>
      </symbol>
      <symbol id="sm-71a">
         <name>lseek</name>
         <value>0x2f85</value>
         <object_component_ref idref="oc-1c5"/>
      </symbol>
      <symbol id="sm-71b">
         <name>read</name>
         <value>0x2eb3</value>
         <object_component_ref idref="oc-1c5"/>
      </symbol>
      <symbol id="sm-71c">
         <name>rename</name>
         <value>0x2e4d</value>
         <object_component_ref idref="oc-1c5"/>
      </symbol>
      <symbol id="sm-71d">
         <name>write</name>
         <value>0x2d99</value>
         <object_component_ref idref="oc-1c5"/>
      </symbol>
      <symbol id="sm-71e">
         <name>close</name>
         <value>0x2fa9</value>
         <object_component_ref idref="oc-1c5"/>
      </symbol>
      <symbol id="sm-71f">
         <name>unlink</name>
         <value>0x2e29</value>
         <object_component_ref idref="oc-1c5"/>
      </symbol>
      <symbol id="sm-72e">
         <name>ltoa</name>
         <value>0x4839</value>
         <object_component_ref idref="oc-1f9"/>
      </symbol>
      <symbol id="sm-73e">
         <name>memccpy</name>
         <value>0x4adb</value>
         <object_component_ref idref="oc-221"/>
      </symbol>
      <symbol id="sm-74e">
         <name>memchr</name>
         <value>0x4abb</value>
         <object_component_ref idref="oc-1d3"/>
      </symbol>
      <symbol id="sm-769">
         <name>frexpl</name>
         <value>0x47d5</value>
         <object_component_ref idref="oc-209"/>
      </symbol>
      <symbol id="sm-76a">
         <name>frexp</name>
         <value>0x47d5</value>
         <object_component_ref idref="oc-209"/>
      </symbol>
      <symbol id="sm-787">
         <name>scalbn</name>
         <value>0x3cbd</value>
         <object_component_ref idref="oc-20f"/>
      </symbol>
      <symbol id="sm-788">
         <name>scalbnl</name>
         <value>0x3cbd</value>
         <object_component_ref idref="oc-20f"/>
      </symbol>
      <symbol id="sm-789">
         <name>ldexpl</name>
         <value>0x3cbd</value>
         <object_component_ref idref="oc-20f"/>
      </symbol>
      <symbol id="sm-78a">
         <name>ldexp</name>
         <value>0x3cbd</value>
         <object_component_ref idref="oc-20f"/>
      </symbol>
      <symbol id="sm-794">
         <name>_system_post_cinit</name>
         <value>0x45bf</value>
         <object_component_ref idref="oc-a9"/>
      </symbol>
      <symbol id="sm-7a4">
         <name>strchr</name>
         <value>0x4b29</value>
         <object_component_ref idref="oc-215"/>
      </symbol>
      <symbol id="sm-7b3">
         <name>strcmp</name>
         <value>0x4b11</value>
         <object_component_ref idref="oc-256"/>
      </symbol>
      <symbol id="sm-7c1">
         <name>strlen</name>
         <value>0x4b7d</value>
         <object_component_ref idref="oc-1cd"/>
      </symbol>
      <symbol id="sm-7d1">
         <name>strncpy</name>
         <value>0x4a57</value>
         <object_component_ref idref="oc-25c"/>
      </symbol>
      <symbol id="sm-7f8">
         <name>HOSTgetenv</name>
         <value>0x2cd9</value>
         <object_component_ref idref="oc-2c2"/>
      </symbol>
      <symbol id="sm-7f9">
         <name>HOSTrename</name>
         <value>0x2b81</value>
         <object_component_ref idref="oc-2c2"/>
      </symbol>
      <symbol id="sm-7fa">
         <name>HOSTclose</name>
         <value>0x2d17</value>
         <object_component_ref idref="oc-2c2"/>
      </symbol>
      <symbol id="sm-7fb">
         <name>HOSTtime64</name>
         <value>0x2af9</value>
         <object_component_ref idref="oc-2c2"/>
      </symbol>
      <symbol id="sm-7fc">
         <name>HOSTunlink</name>
         <value>0x2ac1</value>
         <object_component_ref idref="oc-2c2"/>
      </symbol>
      <symbol id="sm-7fd">
         <name>HOSTlseek</name>
         <value>0x2c7d</value>
         <object_component_ref idref="oc-2c2"/>
      </symbol>
      <symbol id="sm-7fe">
         <name>HOSTopen</name>
         <value>0x2c2b</value>
         <object_component_ref idref="oc-2c2"/>
      </symbol>
      <symbol id="sm-7ff">
         <name>HOSTclock</name>
         <value>0x2d4f</value>
         <object_component_ref idref="oc-2c2"/>
      </symbol>
      <symbol id="sm-800">
         <name>HOSTwrite</name>
         <value>0x2a75</value>
         <object_component_ref idref="oc-2c2"/>
      </symbol>
      <symbol id="sm-801">
         <name>HOSTread</name>
         <value>0x2bdf</value>
         <object_component_ref idref="oc-2c2"/>
      </symbol>
      <symbol id="sm-802">
         <name>HOSTtime</name>
         <value>0x2b47</value>
         <object_component_ref idref="oc-2c2"/>
      </symbol>
      <symbol id="sm-81d">
         <name>__TI_readmsg</name>
         <value>0x46d3</value>
         <object_component_ref idref="oc-2fc"/>
      </symbol>
      <symbol id="sm-81e">
         <name>C$$IO$$</name>
         <value>0x46cf</value>
         <object_component_ref idref="oc-2fc"/>
      </symbol>
      <symbol id="sm-81f">
         <name>__CIOBUF_</name>
         <value>0x20000718</value>
         <object_component_ref idref="oc-31b"/>
      </symbol>
      <symbol id="sm-820">
         <name>__TI_writemsg</name>
         <value>0x46a1</value>
         <object_component_ref idref="oc-2fc"/>
      </symbol>
      <symbol id="sm-83c">
         <name>__aeabi_uldivmod</name>
         <value>0x32e9</value>
         <object_component_ref idref="oc-1db"/>
      </symbol>
      <symbol id="sm-85a">
         <name>__TI_wrt_ok</name>
         <value>0x41c1</value>
         <object_component_ref idref="oc-1b9"/>
      </symbol>
      <symbol id="sm-85b">
         <name>__TI_rd_ok</name>
         <value>0x4223</value>
         <object_component_ref idref="oc-1b9"/>
      </symbol>
      <symbol id="sm-863">
         <name>errno</name>
         <value>0x20000708</value>
         <object_component_ref idref="oc-28c"/>
      </symbol>
      <symbol id="sm-87d">
         <name>__TI_doflush</name>
         <value>0x4039</value>
         <object_component_ref idref="oc-1bf"/>
      </symbol>
      <symbol id="sm-87e">
         <name>fflush</name>
         <value>0x4085</value>
         <object_component_ref idref="oc-1bf"/>
      </symbol>
      <symbol id="sm-890">
         <name>fseek</name>
         <value>0x4771</value>
         <object_component_ref idref="oc-243"/>
      </symbol>
      <symbol id="sm-89a">
         <name>copysign</name>
         <value>0x4b55</value>
         <object_component_ref idref="oc-286"/>
      </symbol>
      <symbol id="sm-89b">
         <name>copysignl</name>
         <value>0x4b55</value>
         <object_component_ref idref="oc-286"/>
      </symbol>
      <symbol id="sm-8b7">
         <name>setvbuf</name>
         <value>0x3db9</value>
         <object_component_ref idref="oc-249"/>
      </symbol>
      <symbol id="sm-8c5">
         <name>strcpy</name>
         <value>0x4b69</value>
         <object_component_ref idref="oc-302"/>
      </symbol>
      <symbol id="sm-8fc">
         <name>__TI_cleanup</name>
         <value>0x35a5</value>
         <object_component_ref idref="oc-2ab"/>
      </symbol>
      <symbol id="sm-8fd">
         <name>freopen</name>
         <value>0x35d1</value>
         <object_component_ref idref="oc-2ab"/>
      </symbol>
      <symbol id="sm-8fe">
         <name>fopen</name>
         <value>0x35fb</value>
         <object_component_ref idref="oc-2ab"/>
      </symbol>
      <symbol id="sm-96d">
         <name>_sys_memory</name>
         <value>0x200000e8</value>
         <object_component_ref idref="oc-30"/>
      </symbol>
      <symbol id="sm-96e">
         <name>free</name>
         <value>0x2463</value>
         <object_component_ref idref="oc-2a5"/>
      </symbol>
      <symbol id="sm-96f">
         <name>realloc</name>
         <value>0x2525</value>
         <object_component_ref idref="oc-2a5"/>
      </symbol>
      <symbol id="sm-970">
         <name>memalign</name>
         <value>0x262d</value>
         <object_component_ref idref="oc-2a5"/>
      </symbol>
      <symbol id="sm-971">
         <name>calloc</name>
         <value>0x2719</value>
         <object_component_ref idref="oc-2a5"/>
      </symbol>
      <symbol id="sm-972">
         <name>malloc</name>
         <value>0x23f9</value>
         <object_component_ref idref="oc-2a5"/>
      </symbol>
      <symbol id="sm-973">
         <name>minit</name>
         <value>0x2379</value>
         <object_component_ref idref="oc-2a5"/>
      </symbol>
      <symbol id="sm-989">
         <name>__TI_closefile</name>
         <value>0x4309</value>
         <object_component_ref idref="oc-2ed"/>
      </symbol>
      <symbol id="sm-98a">
         <name>fclose</name>
         <value>0x436f</value>
         <object_component_ref idref="oc-2ed"/>
      </symbol>
      <symbol id="sm-98c">
         <name>__TI_static_base__</name>
         <value>0x0</value>
      </symbol>
      <symbol id="sm-98f">
         <name>SHT$$INIT_ARRAY$$Limit</name>
         <value>0x0</value>
      </symbol>
      <symbol id="sm-990">
         <name>SHT$$INIT_ARRAY$$Base</name>
         <value>0x0</value>
      </symbol>
      <symbol id="sm-991">
         <name>NMI_Handler</name>
         <value>0x4bab</value>
      </symbol>
      <symbol id="sm-992">
         <name>HardFault_Handler</name>
         <value>0x4bab</value>
      </symbol>
      <symbol id="sm-993">
         <name>MemManage_Handler</name>
         <value>0x4bab</value>
      </symbol>
      <symbol id="sm-994">
         <name>BusFault_Handler</name>
         <value>0x4bab</value>
      </symbol>
      <symbol id="sm-995">
         <name>UsageFault_Handler</name>
         <value>0x4bab</value>
      </symbol>
      <symbol id="sm-996">
         <name>SVC_Handler</name>
         <value>0x4bab</value>
      </symbol>
      <symbol id="sm-997">
         <name>DebugMon_Handler</name>
         <value>0x4bab</value>
      </symbol>
      <symbol id="sm-998">
         <name>PendSV_Handler</name>
         <value>0x4bab</value>
      </symbol>
      <symbol id="sm-999">
         <name>SysTick_Handler</name>
         <value>0x4bab</value>
      </symbol>
      <symbol id="sm-99a">
         <name>PSS_IRQHandler</name>
         <value>0x4bab</value>
      </symbol>
      <symbol id="sm-99b">
         <name>CS_IRQHandler</name>
         <value>0x4bab</value>
      </symbol>
      <symbol id="sm-99c">
         <name>PCM_IRQHandler</name>
         <value>0x4bab</value>
      </symbol>
      <symbol id="sm-99d">
         <name>WDT_A_IRQHandler</name>
         <value>0x4bab</value>
      </symbol>
      <symbol id="sm-99e">
         <name>FPU_IRQHandler</name>
         <value>0x4bab</value>
      </symbol>
      <symbol id="sm-99f">
         <name>FLCTL_IRQHandler</name>
         <value>0x4bab</value>
      </symbol>
      <symbol id="sm-9a0">
         <name>COMP_E0_IRQHandler</name>
         <value>0x4bab</value>
      </symbol>
      <symbol id="sm-9a1">
         <name>COMP_E1_IRQHandler</name>
         <value>0x4bab</value>
      </symbol>
      <symbol id="sm-9a2">
         <name>TA0_0_IRQHandler</name>
         <value>0x4bab</value>
      </symbol>
      <symbol id="sm-9a3">
         <name>TA0_N_IRQHandler</name>
         <value>0x4bab</value>
      </symbol>
      <symbol id="sm-9a4">
         <name>TA1_0_IRQHandler</name>
         <value>0x4bab</value>
      </symbol>
      <symbol id="sm-9a5">
         <name>TA1_N_IRQHandler</name>
         <value>0x4bab</value>
      </symbol>
      <symbol id="sm-9a6">
         <name>TA2_0_IRQHandler</name>
         <value>0x4bab</value>
      </symbol>
      <symbol id="sm-9a7">
         <name>TA2_N_IRQHandler</name>
         <value>0x4bab</value>
      </symbol>
      <symbol id="sm-9a8">
         <name>TA3_0_IRQHandler</name>
         <value>0x4bab</value>
      </symbol>
      <symbol id="sm-9a9">
         <name>TA3_N_IRQHandler</name>
         <value>0x4bab</value>
      </symbol>
      <symbol id="sm-9aa">
         <name>EUSCIA0_IRQHandler</name>
         <value>0x4bab</value>
      </symbol>
      <symbol id="sm-9ab">
         <name>EUSCIA1_IRQHandler</name>
         <value>0x4bab</value>
      </symbol>
      <symbol id="sm-9ac">
         <name>EUSCIA2_IRQHandler</name>
         <value>0x4bab</value>
      </symbol>
      <symbol id="sm-9ad">
         <name>EUSCIA3_IRQHandler</name>
         <value>0x4bab</value>
      </symbol>
      <symbol id="sm-9ae">
         <name>EUSCIB0_IRQHandler</name>
         <value>0x4bab</value>
      </symbol>
      <symbol id="sm-9af">
         <name>EUSCIB1_IRQHandler</name>
         <value>0x4bab</value>
      </symbol>
      <symbol id="sm-9b0">
         <name>EUSCIB2_IRQHandler</name>
         <value>0x4bab</value>
      </symbol>
      <symbol id="sm-9b1">
         <name>EUSCIB3_IRQHandler</name>
         <value>0x4bab</value>
      </symbol>
      <symbol id="sm-9b2">
         <name>ADC14_IRQHandler</name>
         <value>0x3b3f</value>
      </symbol>
      <symbol id="sm-9b3">
         <name>T32_INT1_IRQHandler</name>
         <value>0x4bab</value>
      </symbol>
      <symbol id="sm-9b4">
         <name>T32_INT2_IRQHandler</name>
         <value>0x4bab</value>
      </symbol>
      <symbol id="sm-9b5">
         <name>T32_INTC_IRQHandler</name>
         <value>0x4bab</value>
      </symbol>
      <symbol id="sm-9b6">
         <name>AES256_IRQHandler</name>
         <value>0x4bab</value>
      </symbol>
      <symbol id="sm-9b7">
         <name>RTC_C_IRQHandler</name>
         <value>0x4bab</value>
      </symbol>
      <symbol id="sm-9b8">
         <name>DMA_ERR_IRQHandler</name>
         <value>0x4bab</value>
      </symbol>
      <symbol id="sm-9b9">
         <name>DMA_INT3_IRQHandler</name>
         <value>0x4bab</value>
      </symbol>
      <symbol id="sm-9ba">
         <name>DMA_INT2_IRQHandler</name>
         <value>0x4bab</value>
      </symbol>
      <symbol id="sm-9bb">
         <name>DMA_INT1_IRQHandler</name>
         <value>0x4bab</value>
      </symbol>
      <symbol id="sm-9bc">
         <name>DMA_INT0_IRQHandler</name>
         <value>0x4bab</value>
      </symbol>
      <symbol id="sm-9bd">
         <name>PORT1_IRQHandler</name>
         <value>0x4bab</value>
      </symbol>
      <symbol id="sm-9be">
         <name>PORT2_IRQHandler</name>
         <value>0x4bab</value>
      </symbol>
      <symbol id="sm-9bf">
         <name>PORT3_IRQHandler</name>
         <value>0x4bab</value>
      </symbol>
      <symbol id="sm-9c0">
         <name>PORT4_IRQHandler</name>
         <value>0x4bab</value>
      </symbol>
      <symbol id="sm-9c1">
         <name>PORT5_IRQHandler</name>
         <value>0x4bab</value>
      </symbol>
      <symbol id="sm-9c2">
         <name>PORT6_IRQHandler</name>
         <value>0x4bab</value>
      </symbol>
      <symbol id="sm-9c3">
         <name>remove</name>
         <value>0x2e29</value>
      </symbol>
   </symbol_table>
   <title>Link successful</title>
</link_info>
